Using pre-set license
Built from '2021.3/staging' branch; Version is '2021.3.30f1 (b4360d7cdac4) revision 11810317'; Using compiler version '192829333'; Build Type 'Release'
OS: 'Windows 11  (10.0.26100) 64bit Professional' Language: 'fr' Physical Memory: 65461 MB
BatchMode: 1, IsHumanControllingUs: 0, StartBugReporterOnCrash: 0, Is64bit: 1, IsPro: 1

COMMAND LINE ARGUMENTS:
C:\Program Files\Unity\Hub\Editor\2021.3.30f1\Editor\Unity.exe
-adb2
-batchMode
-noUpm
-name
AssetImportWorker1
-projectPath
C:/Users/alemi/Desktop/Clean Desk/ParisML/SplitUP
-logFile
Logs/AssetImportWorker1.log
-srvPort
54432
Successfully changed project path to: C:/Users/alemi/Desktop/Clean Desk/ParisML/SplitUP
C:/Users/alemi/Desktop/Clean Desk/ParisML/SplitUP
[UnityMemory] Configuration Parameters - Can be set up in boot.config
    "memorysetup-bucket-allocator-granularity=16"
    "memorysetup-bucket-allocator-bucket-count=8"
    "memorysetup-bucket-allocator-block-size=33554432"
    "memorysetup-bucket-allocator-block-count=8"
    "memorysetup-main-allocator-block-size=16777216"
    "memorysetup-thread-allocator-block-size=16777216"
    "memorysetup-gfx-main-allocator-block-size=16777216"
    "memorysetup-gfx-thread-allocator-block-size=16777216"
    "memorysetup-cache-allocator-block-size=4194304"
    "memorysetup-typetree-allocator-block-size=2097152"
    "memorysetup-profiler-bucket-allocator-granularity=16"
    "memorysetup-profiler-bucket-allocator-bucket-count=8"
    "memorysetup-profiler-bucket-allocator-block-size=33554432"
    "memorysetup-profiler-bucket-allocator-block-count=8"
    "memorysetup-profiler-allocator-block-size=16777216"
    "memorysetup-profiler-editor-allocator-block-size=1048576"
    "memorysetup-temp-allocator-size-main=16777216"
    "memorysetup-job-temp-allocator-block-size=2097152"
    "memorysetup-job-temp-allocator-block-size-background=1048576"
    "memorysetup-job-temp-allocator-reduction-small-platforms=262144"
    "memorysetup-temp-allocator-size-background-worker=32768"
    "memorysetup-temp-allocator-size-job-worker=262144"
    "memorysetup-temp-allocator-size-preload-manager=33554432"
    "memorysetup-temp-allocator-size-nav-mesh-worker=65536"
    "memorysetup-temp-allocator-size-audio-worker=65536"
    "memorysetup-temp-allocator-size-cloud-worker=32768"
    "memorysetup-temp-allocator-size-gi-baking-worker=262144"
    "memorysetup-temp-allocator-size-gfx=262144"
Player connection [29104] Host "[IP] 192.168.1.13 [Port] 0 [Flags] 2 [Guid] 966784772 [EditorId] 966784772 [Version] 1048832 [Id] WindowsEditor(7,Alexandre) [Debug] 1 [PackageName] WindowsEditor [ProjectName] Editor" joined multi-casting on [225.0.0.222:54997]...

Player connection [29104] Host "[IP] 192.168.1.13 [Port] 0 [Flags] 2 [Guid] 966784772 [EditorId] 966784772 [Version] 1048832 [Id] WindowsEditor(7,Alexandre) [Debug] 1 [PackageName] WindowsEditor [ProjectName] Editor" joined alternative multi-casting on [225.0.0.222:34997]...

[Physics::Module] Initialized MultithreadedJobDispatcher with {0} workers.
Refreshing native plugins compatible for Editor in 69.96 ms, found 3 plugins.
Preloading 0 native plugins for Editor in 0.00 ms.
Initialize engine version: 2021.3.30f1 (b4360d7cdac4)
[Subsystems] Discovering subsystems at path C:/Program Files/Unity/Hub/Editor/2021.3.30f1/Editor/Data/Resources/UnitySubsystems
[Subsystems] Discovering subsystems at path C:/Users/alemi/Desktop/Clean Desk/ParisML/SplitUP/Assets
GfxDevice: creating device client; threaded=0; jobified=0
Direct3D:
    Version:  Direct3D 11.0 [level 11.1]
    Renderer: AMD Radeon RX 6900 XT (ID=0x73bf)
    Vendor:   ATI
    VRAM:     16311 MB
    Driver:   32.0.13031.3015
Initialize mono
Mono path[0] = 'C:/Program Files/Unity/Hub/Editor/2021.3.30f1/Editor/Data/Managed'
Mono path[1] = 'C:/Program Files/Unity/Hub/Editor/2021.3.30f1/Editor/Data/MonoBleedingEdge/lib/mono/unityjit-win32'
Mono config path = 'C:/Program Files/Unity/Hub/Editor/2021.3.30f1/Editor/Data/MonoBleedingEdge/etc'
Using monoOptions --debugger-agent=transport=dt_socket,embedding=1,server=y,suspend=n,address=127.0.0.1:56316
Begin MonoManager ReloadAssembly
Registering precompiled unity dll's ...
Register platform support module: C:/Program Files/Unity/Hub/Editor/2021.3.30f1/Editor/Data/PlaybackEngines/AndroidPlayer/UnityEditor.Android.Extensions.dll
Register platform support module: C:/Program Files/Unity/Hub/Editor/2021.3.30f1/Editor/Data/PlaybackEngines/WindowsStandaloneSupport/UnityEditor.WindowsStandalone.Extensions.dll
Registered in 0.004463 seconds.
Native extension for WindowsStandalone target not found
Native extension for Android target not found
Android Extension - Scanning For ADB Devices 184 ms
Refreshing native plugins compatible for Editor in 58.12 ms, found 3 plugins.
Preloading 0 native plugins for Editor in 0.00 ms.
Mono: successfully reloaded assembly
- Completed reload, in  0.698 seconds
Domain Reload Profiling:
	ReloadAssembly (699ms)
		BeginReloadAssembly (76ms)
			ExecutionOrderSort (0ms)
			DisableScriptedObjects (0ms)
			BackupInstance (0ms)
			ReleaseScriptingObjects (0ms)
			CreateAndSetChildDomain (1ms)
		EndReloadAssembly (553ms)
			LoadAssemblies (74ms)
			RebuildTransferFunctionScriptingTraits (0ms)
			SetupTypeCache (81ms)
			ReleaseScriptCaches (0ms)
			RebuildScriptCaches (20ms)
			SetupLoadedEditorAssemblies (419ms)
				LogAssemblyErrors (0ms)
				InitializePlatformSupportModulesInManaged (265ms)
				SetLoadedEditorAssemblies (0ms)
				RefreshPlugins (58ms)
				BeforeProcessingInitializeOnLoad (1ms)
				ProcessInitializeOnLoadAttributes (62ms)
				ProcessInitializeOnLoadMethodAttributes (32ms)
				AfterProcessingInitializeOnLoad (0ms)
				EditorAssembliesLoaded (0ms)
			ExecutionOrderSort2 (0ms)
			AwakeInstancesAfterBackupRestoration (0ms)
Platform modules already initialized, skipping
Registering precompiled user dll's ...
Registered in 0.011688 seconds.
Begin MonoManager ReloadAssembly
Native extension for WindowsStandalone target not found
Native extension for Android target not found
Refreshing native plugins compatible for Editor in 0.77 ms, found 3 plugins.
Preloading 0 native plugins for Editor in 0.00 ms.
Package Manager log level set to [2]
[Package Manager] Server::EnsureServerProcessIsRunning -- launch failed, reason: Unity was launched with the -noUpm command-line argument
[Package Manager] Cannot connect to Unity Package Manager local server
Mono: successfully reloaded assembly
- Completed reload, in  1.220 seconds
Domain Reload Profiling:
	ReloadAssembly (1220ms)
		BeginReloadAssembly (93ms)
			ExecutionOrderSort (0ms)
			DisableScriptedObjects (5ms)
			BackupInstance (0ms)
			ReleaseScriptingObjects (0ms)
			CreateAndSetChildDomain (14ms)
		EndReloadAssembly (1048ms)
			LoadAssemblies (73ms)
			RebuildTransferFunctionScriptingTraits (0ms)
			SetupTypeCache (160ms)
			ReleaseScriptCaches (1ms)
			RebuildScriptCaches (42ms)
			SetupLoadedEditorAssemblies (749ms)
				LogAssemblyErrors (0ms)
				InitializePlatformSupportModulesInManaged (15ms)
				SetLoadedEditorAssemblies (0ms)
				RefreshPlugins (1ms)
				BeforeProcessingInitializeOnLoad (53ms)
				ProcessInitializeOnLoadAttributes (661ms)
				ProcessInitializeOnLoadMethodAttributes (14ms)
				AfterProcessingInitializeOnLoad (6ms)
				EditorAssembliesLoaded (0ms)
			ExecutionOrderSort2 (0ms)
			AwakeInstancesAfterBackupRestoration (4ms)
Platform modules already initialized, skipping
========================================================================
Worker process is ready to serve import requests
Launched and connected shader compiler UnityShaderCompiler.exe after 0.03 seconds
Refreshing native plugins compatible for Editor in 0.90 ms, found 3 plugins.
Preloading 0 native plugins for Editor in 0.00 ms.
Unloading 4673 Unused Serialized files (Serialized files now loaded: 0)
Unloading 86 unused Assets / (47.4 KB). Loaded Objects now: 5217.
Memory consumption went from 156.3 MB to 156.3 MB.
Total: 2.775000 ms (FindLiveObjects: 0.276800 ms CreateObjectMapping: 0.202800 ms MarkObjects: 2.228000 ms  DeleteObjects: 0.066700 ms)

AssetImportParameters requested are different than current active one (requested -> active):
  custom:video-decoder-ogg-theora: a1e56fd34408186e4bbccfd4996cb3dc -> 
  custom:container-muxer-webm: aa71ff27fc2769a1b78a27578f13a17b -> 
  custom:container-demuxer-webm: 4f35f7cbe854078d1ac9338744f61a02 -> 
  custom:video-encoder-webm-vp8: eb34c28f22e8b96e1ab97ce403110664 -> 
  custom:CustomObjectIndexerAttribute: bc11b3a6c3213fcdd17b65e7da85e133 -> 
  custom:audio-encoder-webm-vorbis: bf7c407c2cedff20999df2af8eb42d56 -> 
  custom:framework-win-MediaFoundation: 216162199b28c13a410421893ffa2e32 -> 
  custom:SearchIndexIgnoredProperties: e643bd26f0fe6173181afceb89e7c659 -> 
  custom:container-demuxer-ogg: 62fdf1f143b41e24485cea50d1cbac27 -> 
  custom:video-decoder-webm-vp8: 9c59270c3fd7afecdb556c50c9e8de78 -> 
  custom:audio-decoder-ogg-vorbis: bf7c407c2cedff20999df2af8eb42d56 -> 
========================================================================
Received Import Request.
  Time since last request: 19474.958401 seconds.
  path: Assets/IMAGES/Blue/3.png
  artifactKey: Guid(80970513d65944a6aa8250a901a42f4f) Importer(815301076,1909f56bfc062723c751e8b465ee728b)
Number of updated assets reloaded before import = 0
Start importing Assets/IMAGES/Blue/3.png using Guid(80970513d65944a6aa8250a901a42f4f) Importer(815301076,1909f56bfc062723c751e8b465ee728b)  -> (artifact id: 'f714d708371a63ac717b2b8befe9d8ed') in 0.078523 seconds 
Number of asset objects unloaded after import = 3
========================================================================
Received Prepare
Registering precompiled user dll's ...
Registered in 0.018855 seconds.
Begin MonoManager ReloadAssembly
Native extension for WindowsStandalone target not found
Native extension for Android target not found
Refreshing native plugins compatible for Editor in 106.69 ms, found 4 plugins.
Preloading 0 native plugins for Editor in 0.00 ms.
[Package Manager] Server::EnsureServerProcessIsRunning -- launch failed, reason: Unity was launched with the -noUpm command-line argument
[Package Manager] Cannot connect to Unity Package Manager local server
Mono: successfully reloaded assembly
- Completed reload, in  1.705 seconds
Domain Reload Profiling:
	ReloadAssembly (1706ms)
		BeginReloadAssembly (135ms)
			ExecutionOrderSort (0ms)
			DisableScriptedObjects (3ms)
			BackupInstance (0ms)
			ReleaseScriptingObjects (0ms)
			CreateAndSetChildDomain (31ms)
		EndReloadAssembly (1481ms)
			LoadAssemblies (102ms)
			RebuildTransferFunctionScriptingTraits (0ms)
			SetupTypeCache (237ms)
			ReleaseScriptCaches (3ms)
			RebuildScriptCaches (56ms)
			SetupLoadedEditorAssemblies (1034ms)
				LogAssemblyErrors (0ms)
				InitializePlatformSupportModulesInManaged (16ms)
				SetLoadedEditorAssemblies (0ms)
				RefreshPlugins (107ms)
				BeforeProcessingInitializeOnLoad (85ms)
				ProcessInitializeOnLoadAttributes (773ms)
				ProcessInitializeOnLoadMethodAttributes (48ms)
				AfterProcessingInitializeOnLoad (6ms)
				EditorAssembliesLoaded (0ms)
			ExecutionOrderSort2 (0ms)
			AwakeInstancesAfterBackupRestoration (5ms)
Platform modules already initialized, skipping
Refreshing native plugins compatible for Editor in 1.77 ms, found 4 plugins.
Preloading 0 native plugins for Editor in 0.00 ms.
Unloading 5527 Unused Serialized files (Serialized files now loaded: 0)
Unloading 94 unused Assets / (166.8 KB). Loaded Objects now: 6094.
Memory consumption went from 195.2 MB to 195.0 MB.
Total: 3.997400 ms (FindLiveObjects: 0.360300 ms CreateObjectMapping: 0.136800 ms MarkObjects: 3.331600 ms  DeleteObjects: 0.167900 ms)

AssetImportParameters requested are different than current active one (requested -> active):
  custom:video-decoder-ogg-theora: a1e56fd34408186e4bbccfd4996cb3dc -> 
  custom:container-muxer-webm: aa71ff27fc2769a1b78a27578f13a17b -> 
  custom:container-demuxer-webm: 4f35f7cbe854078d1ac9338744f61a02 -> 
  custom:video-encoder-webm-vp8: eb34c28f22e8b96e1ab97ce403110664 -> 
  custom:CustomObjectIndexerAttribute: bc11b3a6c3213fcdd17b65e7da85e133 -> 
  custom:audio-encoder-webm-vorbis: bf7c407c2cedff20999df2af8eb42d56 -> 
  custom:framework-win-MediaFoundation: 216162199b28c13a410421893ffa2e32 -> 
  custom:SearchIndexIgnoredProperties: e643bd26f0fe6173181afceb89e7c659 -> 
  custom:container-demuxer-ogg: 62fdf1f143b41e24485cea50d1cbac27 -> 
  custom:video-decoder-webm-vp8: 9c59270c3fd7afecdb556c50c9e8de78 -> 
  custom:audio-decoder-ogg-vorbis: bf7c407c2cedff20999df2af8eb42d56 -> 
========================================================================
Received Import Request.
  Time since last request: 535.039785 seconds.
  path: Assets/IMAGES/Orange/1.png
  artifactKey: Guid(cba1bc419d45942fa8eff80aef9af920) Importer(815301076,1909f56bfc062723c751e8b465ee728b)
Number of updated assets reloaded before import = 0
Start importing Assets/IMAGES/Orange/1.png using Guid(cba1bc419d45942fa8eff80aef9af920) Importer(815301076,1909f56bfc062723c751e8b465ee728b)  -> (artifact id: 'fde615573a7f07247ded857a7deea208') in 0.122259 seconds 
Number of asset objects unloaded after import = 3
========================================================================
Received Import Request.
  Time since last request: 0.000047 seconds.
  path: Assets/IMAGES/Circle.png
  artifactKey: Guid(4b5d91e30864e4b50bbed5d99673418e) Importer(815301076,1909f56bfc062723c751e8b465ee728b)
Number of updated assets reloaded before import = 0
Start importing Assets/IMAGES/Circle.png using Guid(4b5d91e30864e4b50bbed5d99673418e) Importer(815301076,1909f56bfc062723c751e8b465ee728b)  -> (artifact id: 'd23745eab78908f480fb00528c7f20ba') in 0.021005 seconds 
Number of asset objects unloaded after import = 3
========================================================================
Received Import Request.
  Time since last request: 0.000028 seconds.
  path: Assets/IMAGES/Blue/Blue Obstacles-15.png
  artifactKey: Guid(c6d8f5c1e4c3a450ba5f18ae07e9c913) Importer(815301076,1909f56bfc062723c751e8b465ee728b)
Number of updated assets reloaded before import = 0
Start importing Assets/IMAGES/Blue/Blue Obstacles-15.png using Guid(c6d8f5c1e4c3a450ba5f18ae07e9c913) Importer(815301076,1909f56bfc062723c751e8b465ee728b)  -> (artifact id: '2526b361cce34bb63986395a9f691bf3') in 0.033051 seconds 
Number of asset objects unloaded after import = 3
========================================================================
Received Import Request.
  Time since last request: 0.000022 seconds.
  path: Assets/IMAGES/Orange/polygon pylon-23.png
  artifactKey: Guid(23168b5c78859a547bead4b9bc50500f) Importer(815301076,1909f56bfc062723c751e8b465ee728b)
Number of updated assets reloaded before import = 0
Start importing Assets/IMAGES/Orange/polygon pylon-23.png using Guid(23168b5c78859a547bead4b9bc50500f) Importer(815301076,1909f56bfc062723c751e8b465ee728b)  -> (artifact id: 'b0b87ead2566f85bb3c6fe4af6204952') in 0.046294 seconds 
Number of asset objects unloaded after import = 3
========================================================================
Received Import Request.
  Time since last request: 0.000016 seconds.
  path: Assets/IMAGES/Red/R_Box Left S.png
  artifactKey: Guid(2de06eaa78655d14bba6cdf4f76ad411) Importer(815301076,1909f56bfc062723c751e8b465ee728b)
Number of updated assets reloaded before import = 0
Start importing Assets/IMAGES/Red/R_Box Left S.png using Guid(2de06eaa78655d14bba6cdf4f76ad411) Importer(815301076,1909f56bfc062723c751e8b465ee728b)  -> (artifact id: 'f2cfd9e6336a07ac39566e75b4d8eb9a') in 0.022619 seconds 
Number of asset objects unloaded after import = 3
========================================================================
Received Import Request.
  Time since last request: 0.000019 seconds.
  path: Assets/IMAGES/Red/R_Box Right.png
  artifactKey: Guid(f05a17667a29e5140af9f0d48739b70b) Importer(815301076,1909f56bfc062723c751e8b465ee728b)
Number of updated assets reloaded before import = 0
Start importing Assets/IMAGES/Red/R_Box Right.png using Guid(f05a17667a29e5140af9f0d48739b70b) Importer(815301076,1909f56bfc062723c751e8b465ee728b)  -> (artifact id: '3fdfaf16e17078d6e555f07bcb844c1b') in 0.022892 seconds 
Number of asset objects unloaded after import = 3
========================================================================
Received Import Request.
  Time since last request: 0.000021 seconds.
  path: Assets/IMAGES/Blue/Box.png
  artifactKey: Guid(471304e56b06042c68bf3160ca90c49d) Importer(815301076,1909f56bfc062723c751e8b465ee728b)
Number of updated assets reloaded before import = 0
Start importing Assets/IMAGES/Blue/Box.png using Guid(471304e56b06042c68bf3160ca90c49d) Importer(815301076,1909f56bfc062723c751e8b465ee728b)  -> (artifact id: '1308decab124d05054772d617a8509f4') in 0.026123 seconds 
Number of asset objects unloaded after import = 3
========================================================================
Received Import Request.
  Time since last request: 0.000024 seconds.
  path: Assets/IMAGES/Orange/2.png
  artifactKey: Guid(c1f238b22310f499eb48085b588b69e7) Importer(815301076,1909f56bfc062723c751e8b465ee728b)
Number of updated assets reloaded before import = 0
Start importing Assets/IMAGES/Orange/2.png using Guid(c1f238b22310f499eb48085b588b69e7) Importer(815301076,1909f56bfc062723c751e8b465ee728b)  -> (artifact id: 'd8575eab09a7b923836da25bbf9a4535') in 0.023582 seconds 
Number of asset objects unloaded after import = 3
========================================================================
Received Import Request.
  Time since last request: 0.000017 seconds.
  path: Assets/IMAGES/Blue/Blue Obstacles-21.png
  artifactKey: Guid(11810b0fc6f724a658ea76d3bef468e6) Importer(815301076,1909f56bfc062723c751e8b465ee728b)
Number of updated assets reloaded before import = 0
Start importing Assets/IMAGES/Blue/Blue Obstacles-21.png using Guid(11810b0fc6f724a658ea76d3bef468e6) Importer(815301076,1909f56bfc062723c751e8b465ee728b)  -> (artifact id: '4029cbec36f496c08db3de4232cea568') in 0.041902 seconds 
Number of asset objects unloaded after import = 3
========================================================================
Received Import Request.
  Time since last request: 0.000021 seconds.
  path: Assets/IMAGES/Blue/Box Left.png
  artifactKey: Guid(55511ab5d8f2d4867b43bd599bf3b53c) Importer(815301076,1909f56bfc062723c751e8b465ee728b)
Number of updated assets reloaded before import = 0
Start importing Assets/IMAGES/Blue/Box Left.png using Guid(55511ab5d8f2d4867b43bd599bf3b53c) Importer(815301076,1909f56bfc062723c751e8b465ee728b)  -> (artifact id: '5bfc71e534b547da91196bb596ec05d6') in 0.026320 seconds 
Number of asset objects unloaded after import = 3
========================================================================
Received Import Request.
  Time since last request: 0.000035 seconds.
  path: Assets/IMAGES/Red/R_7 S.png
  artifactKey: Guid(f005e6e86ac803d48badf9d281a38e7b) Importer(815301076,1909f56bfc062723c751e8b465ee728b)
Number of updated assets reloaded before import = 0
Start importing Assets/IMAGES/Red/R_7 S.png using Guid(f005e6e86ac803d48badf9d281a38e7b) Importer(815301076,1909f56bfc062723c751e8b465ee728b)  -> (artifact id: '58877012a4b4ce79765f333d9e997efe') in 0.024558 seconds 
Number of asset objects unloaded after import = 3
========================================================================
Received Import Request.
  Time since last request: 0.000024 seconds.
  path: Assets/IMAGES/Green/Circle.png
  artifactKey: Guid(37c7e304c86a44ca1aa68e05ed913044) Importer(815301076,1909f56bfc062723c751e8b465ee728b)
Number of updated assets reloaded before import = 0
Start importing Assets/IMAGES/Green/Circle.png using Guid(37c7e304c86a44ca1aa68e05ed913044) Importer(815301076,1909f56bfc062723c751e8b465ee728b)  -> (artifact id: '9fb124d47963dbb61beb12216162dbb9') in 0.031684 seconds 
Number of asset objects unloaded after import = 3
========================================================================
Received Import Request.
  Time since last request: 0.000015 seconds.
  path: Assets/IMAGES/Orange/Dot NS-30.png
  artifactKey: Guid(559885a0e98315d47a9f6dc94945c793) Importer(815301076,1909f56bfc062723c751e8b465ee728b)
Number of updated assets reloaded before import = 0
Start importing Assets/IMAGES/Orange/Dot NS-30.png using Guid(559885a0e98315d47a9f6dc94945c793) Importer(815301076,1909f56bfc062723c751e8b465ee728b)  -> (artifact id: 'f8d0285ecef4e5e1ec6bc271e8aac70c') in 0.022970 seconds 
Number of asset objects unloaded after import = 3
========================================================================
Received Import Request.
  Time since last request: 0.000024 seconds.
  path: Assets/IMAGES/Green/Key Right.png
  artifactKey: Guid(6c80bc961dc5a427caca71476aedaf80) Importer(815301076,1909f56bfc062723c751e8b465ee728b)
Number of updated assets reloaded before import = 0
Start importing Assets/IMAGES/Green/Key Right.png using Guid(6c80bc961dc5a427caca71476aedaf80) Importer(815301076,1909f56bfc062723c751e8b465ee728b)  -> (artifact id: '68619200539aa79a659ad247e086a2d7') in 0.024734 seconds 
Number of asset objects unloaded after import = 3
========================================================================
Received Import Request.
  Time since last request: 0.000022 seconds.
  path: Assets/IMAGES/Red/R_7.png
  artifactKey: Guid(5d500bb3c5640114c91e5c8a806216c6) Importer(815301076,1909f56bfc062723c751e8b465ee728b)
Number of updated assets reloaded before import = 0
Start importing Assets/IMAGES/Red/R_7.png using Guid(5d500bb3c5640114c91e5c8a806216c6) Importer(815301076,1909f56bfc062723c751e8b465ee728b)  -> (artifact id: '0c4e4697c8d89b623d97fa3ae5bda7f7') in 0.021534 seconds 
Number of asset objects unloaded after import = 3
========================================================================
Received Import Request.
  Time since last request: 0.000027 seconds.
  path: Assets/IMAGES/Orange/Box inside.png
  artifactKey: Guid(68fb0c84ba5314761bb150afe6274d13) Importer(815301076,1909f56bfc062723c751e8b465ee728b)
Number of updated assets reloaded before import = 0
Start importing Assets/IMAGES/Orange/Box inside.png using Guid(68fb0c84ba5314761bb150afe6274d13) Importer(815301076,1909f56bfc062723c751e8b465ee728b)  -> (artifact id: 'c61512e7fe7c5c9cebd9fd9e4ed657cd') in 0.038936 seconds 
Number of asset objects unloaded after import = 3
========================================================================
Received Import Request.
  Time since last request: 0.000016 seconds.
  path: Assets/IMAGES/Red/R-03.png
  artifactKey: Guid(797aec9ad1beb554bbd8034fd0f8ff35) Importer(815301076,1909f56bfc062723c751e8b465ee728b)
Number of updated assets reloaded before import = 0
Start importing Assets/IMAGES/Red/R-03.png using Guid(797aec9ad1beb554bbd8034fd0f8ff35) Importer(815301076,1909f56bfc062723c751e8b465ee728b)  -> (artifact id: 'b63836a8806dea442346514c87a88995') in 0.026066 seconds 
Number of asset objects unloaded after import = 3
========================================================================
Received Import Request.
  Time since last request: 0.000021 seconds.
  path: Assets/IMAGES/4 colors.png
  artifactKey: Guid(085d17bbec2794d87bd51a20cfc2bf28) Importer(815301076,1909f56bfc062723c751e8b465ee728b)
Number of updated assets reloaded before import = 0
Start importing Assets/IMAGES/4 colors.png using Guid(085d17bbec2794d87bd51a20cfc2bf28) Importer(815301076,1909f56bfc062723c751e8b465ee728b)  -> (artifact id: '243556d090b09c9a75cc44503e112c1a') in 0.108281 seconds 
Number of asset objects unloaded after import = 3
========================================================================
Received Import Request.
  Time since last request: 0.000037 seconds.
  path: Assets/IMAGES/Game Over/Best.png
  artifactKey: Guid(350593f1cbfa64aa3a032d89b868c498) Importer(815301076,1909f56bfc062723c751e8b465ee728b)
Number of updated assets reloaded before import = 0
Start importing Assets/IMAGES/Game Over/Best.png using Guid(350593f1cbfa64aa3a032d89b868c498) Importer(815301076,1909f56bfc062723c751e8b465ee728b)  -> (artifact id: 'df1502e01bbd310aba57872d0c0dd453') in 0.033724 seconds 
Number of asset objects unloaded after import = 3
========================================================================
Received Import Request.
  Time since last request: 0.000018 seconds.
  path: Assets/IMAGES/New.png
  artifactKey: Guid(2d955273e90f5424b8a3bcc753c7770b) Importer(815301076,1909f56bfc062723c751e8b465ee728b)
Number of updated assets reloaded before import = 0
Start importing Assets/IMAGES/New.png using Guid(2d955273e90f5424b8a3bcc753c7770b) Importer(815301076,1909f56bfc062723c751e8b465ee728b)  -> (artifact id: 'fe4586ce52cdceb2f53433bd6af3a8a8') in 0.063590 seconds 
Number of asset objects unloaded after import = 3
========================================================================
Received Import Request.
  Time since last request: 0.000023 seconds.
  path: Assets/IMAGES/Blue/open polygon-20.png
  artifactKey: Guid(9a9c2eab95821496cbd8c6a2318b83b6) Importer(815301076,1909f56bfc062723c751e8b465ee728b)
Number of updated assets reloaded before import = 0
Start importing Assets/IMAGES/Blue/open polygon-20.png using Guid(9a9c2eab95821496cbd8c6a2318b83b6) Importer(815301076,1909f56bfc062723c751e8b465ee728b)  -> (artifact id: 'f6f352d0c6e29b2f0cbf4231f164bd5c') in 0.075806 seconds 
Number of asset objects unloaded after import = 3
========================================================================
Received Import Request.
  Time since last request: 0.000058 seconds.
  path: Assets/IMAGES/Blue/2.png
  artifactKey: Guid(26cb46adf56674964a2339a2f5d78fd5) Importer(815301076,1909f56bfc062723c751e8b465ee728b)
Number of updated assets reloaded before import = 0
Start importing Assets/IMAGES/Blue/2.png using Guid(26cb46adf56674964a2339a2f5d78fd5) Importer(815301076,1909f56bfc062723c751e8b465ee728b)  -> (artifact id: '075ee81fca1c808d73ffb7d1f314271c') in 0.024589 seconds 
Number of asset objects unloaded after import = 3
========================================================================
Received Import Request.
  Time since last request: 0.000018 seconds.
  path: Assets/IMAGES/Blue/Circle.png
  artifactKey: Guid(cee4f583d234c6d499fadd05cc60296a) Importer(815301076,1909f56bfc062723c751e8b465ee728b)
Number of updated assets reloaded before import = 0
Start importing Assets/IMAGES/Blue/Circle.png using Guid(cee4f583d234c6d499fadd05cc60296a) Importer(815301076,1909f56bfc062723c751e8b465ee728b)  -> (artifact id: 'b520fc47bea61c863420436ea250cfbd') in 0.035655 seconds 
Number of asset objects unloaded after import = 3
========================================================================
Received Import Request.
  Time since last request: 0.000023 seconds.
  path: Assets/IMAGES/Orange/Diamond2.png
  artifactKey: Guid(152c2d7e755d5b04ea7aa94bded7c952) Importer(815301076,1909f56bfc062723c751e8b465ee728b)
Number of updated assets reloaded before import = 0
Start importing Assets/IMAGES/Orange/Diamond2.png using Guid(152c2d7e755d5b04ea7aa94bded7c952) Importer(815301076,1909f56bfc062723c751e8b465ee728b)  -> (artifact id: 'bc7c9c981f5e59211187afa53db517b7') in 0.046555 seconds 
Number of asset objects unloaded after import = 3
========================================================================
Received Import Request.
  Time since last request: 0.000024 seconds.
  path: Assets/IMAGES/Orange/Dot.png
  artifactKey: Guid(0986fc072098f47db855d09585ce66c7) Importer(815301076,1909f56bfc062723c751e8b465ee728b)
Number of updated assets reloaded before import = 0
Start importing Assets/IMAGES/Orange/Dot.png using Guid(0986fc072098f47db855d09585ce66c7) Importer(815301076,1909f56bfc062723c751e8b465ee728b)  -> (artifact id: '284347b58fb95e55058318c1d217f7d4') in 0.018072 seconds 
Number of asset objects unloaded after import = 3
========================================================================
Received Import Request.
  Time since last request: 0.000022 seconds.
  path: Assets/IMAGES/menu elements/Play.png
  artifactKey: Guid(c226516206b4c4f3bbf75707cb02a6b9) Importer(815301076,1909f56bfc062723c751e8b465ee728b)
Number of updated assets reloaded before import = 0
Start importing Assets/IMAGES/menu elements/Play.png using Guid(c226516206b4c4f3bbf75707cb02a6b9) Importer(815301076,1909f56bfc062723c751e8b465ee728b)  -> (artifact id: '67b079f3c2e9eba095ab6345f68cd51a') in 0.040303 seconds 
Number of asset objects unloaded after import = 3
========================================================================
Received Import Request.
  Time since last request: 0.000027 seconds.
  path: Assets/IMAGES/Orange/5.png
  artifactKey: Guid(3f2ab979012984fd890242d5e1223dfa) Importer(815301076,1909f56bfc062723c751e8b465ee728b)
Number of updated assets reloaded before import = 0
Start importing Assets/IMAGES/Orange/5.png using Guid(3f2ab979012984fd890242d5e1223dfa) Importer(815301076,1909f56bfc062723c751e8b465ee728b)  -> (artifact id: '93b57279977cdd787d85cbb4ee0dbda2') in 0.028108 seconds 
Number of asset objects unloaded after import = 3
========================================================================
Received Import Request.
  Time since last request: 0.000025 seconds.
  path: Assets/IMAGES/Backgrounds/Background-05.png
  artifactKey: Guid(f2dde30910b9f4d7cb6266b33805702d) Importer(815301076,1909f56bfc062723c751e8b465ee728b)
Number of updated assets reloaded before import = 0
Start importing Assets/IMAGES/Backgrounds/Background-05.png using Guid(f2dde30910b9f4d7cb6266b33805702d) Importer(815301076,1909f56bfc062723c751e8b465ee728b)  -> (artifact id: 'aa2753db049e129c6249615f312f5171') in 0.257217 seconds 
Number of asset objects unloaded after import = 3
========================================================================
Received Import Request.
  Time since last request: 0.000025 seconds.
  path: Assets/IMAGES/Red/R_4.png
  artifactKey: Guid(7c37e5ad9f1a33b47be8e6bce16c0dd4) Importer(815301076,1909f56bfc062723c751e8b465ee728b)
Number of updated assets reloaded before import = 0
Start importing Assets/IMAGES/Red/R_4.png using Guid(7c37e5ad9f1a33b47be8e6bce16c0dd4) Importer(815301076,1909f56bfc062723c751e8b465ee728b)  -> (artifact id: 'd7d78af4e68660ed85139933ed7f485a') in 0.026182 seconds 
Number of asset objects unloaded after import = 3
========================================================================
Received Import Request.
  Time since last request: 0.000028 seconds.
  path: Assets/IMAGES/New Background 3-01.png
  artifactKey: Guid(9389d072a34ce477c884a8e341c07bec) Importer(815301076,1909f56bfc062723c751e8b465ee728b)
Number of updated assets reloaded before import = 0
Start importing Assets/IMAGES/New Background 3-01.png using Guid(9389d072a34ce477c884a8e341c07bec) Importer(815301076,1909f56bfc062723c751e8b465ee728b)  -> (artifact id: 'b7c6f9fd0ff875e640f35532da925f4b') in 0.068202 seconds 
Number of asset objects unloaded after import = 3
========================================================================
Received Import Request.
  Time since last request: 0.000018 seconds.
  path: Assets/IMAGES/Red/R_6  S.png
  artifactKey: Guid(f4a2ea109009e4146a44ee234ada9bd0) Importer(815301076,1909f56bfc062723c751e8b465ee728b)
Number of updated assets reloaded before import = 0
Start importing Assets/IMAGES/Red/R_6  S.png using Guid(f4a2ea109009e4146a44ee234ada9bd0) Importer(815301076,1909f56bfc062723c751e8b465ee728b)  -> (artifact id: 'bb3eeaafab8778b45682aac0646a942e') in 0.021838 seconds 
Number of asset objects unloaded after import = 3
========================================================================
Received Import Request.
  Time since last request: 0.000020 seconds.
  path: Assets/IMAGES/menu elements/No Ads.png
  artifactKey: Guid(c4357e04667524dfdb7fffc5dab60459) Importer(815301076,1909f56bfc062723c751e8b465ee728b)
Number of updated assets reloaded before import = 0
Start importing Assets/IMAGES/menu elements/No Ads.png using Guid(c4357e04667524dfdb7fffc5dab60459) Importer(815301076,1909f56bfc062723c751e8b465ee728b)  -> (artifact id: '681f296baa077edf09c79b404f8b31aa') in 0.029551 seconds 
Number of asset objects unloaded after import = 3
========================================================================
Received Import Request.
  Time since last request: 0.000023 seconds.
  path: Assets/Plugins/Pixelplacement/iTween/Images/iTweenNews.png
  artifactKey: Guid(69f9e1d128e6f8b42b1d307270b133a4) Importer(815301076,1909f56bfc062723c751e8b465ee728b)
Number of updated assets reloaded before import = 0
Start importing Assets/Plugins/Pixelplacement/iTween/Images/iTweenNews.png using Guid(69f9e1d128e6f8b42b1d307270b133a4) Importer(815301076,1909f56bfc062723c751e8b465ee728b)  -> (artifact id: 'c001bafc7378460703f1ab63d723b6c3') in 0.130932 seconds 
Number of asset objects unloaded after import = 3
========================================================================
Received Import Request.
  Time since last request: 0.000020 seconds.
  path: Assets/IMAGES/Green/Pylon-13.png
  artifactKey: Guid(1fe0f8917bff244f98c191412b316e70) Importer(815301076,1909f56bfc062723c751e8b465ee728b)
Number of updated assets reloaded before import = 0
Start importing Assets/IMAGES/Green/Pylon-13.png using Guid(1fe0f8917bff244f98c191412b316e70) Importer(815301076,1909f56bfc062723c751e8b465ee728b)  -> (artifact id: 'c6e82920e4c409d7e9bf454ca38dd23b') in 0.025047 seconds 
Number of asset objects unloaded after import = 3
========================================================================
Received Import Request.
  Time since last request: 0.000031 seconds.
  path: Assets/IMAGES/Game Over/Leaderboard.png
  artifactKey: Guid(c4aadcd9ee23c4e6ca2c4178491a7042) Importer(815301076,1909f56bfc062723c751e8b465ee728b)
Number of updated assets reloaded before import = 0
Start importing Assets/IMAGES/Game Over/Leaderboard.png using Guid(c4aadcd9ee23c4e6ca2c4178491a7042) Importer(815301076,1909f56bfc062723c751e8b465ee728b)  -> (artifact id: '22b83f31009f56f6ef5efb52de9cc9fc') in 0.029350 seconds 
Number of asset objects unloaded after import = 3
========================================================================
Received Import Request.
  Time since last request: 0.000023 seconds.
  path: Assets/IMAGES/Red/R_Bot S.png
  artifactKey: Guid(c83ffef06df61b64b901610de40c1a1f) Importer(815301076,1909f56bfc062723c751e8b465ee728b)
Number of updated assets reloaded before import = 0
Start importing Assets/IMAGES/Red/R_Bot S.png using Guid(c83ffef06df61b64b901610de40c1a1f) Importer(815301076,1909f56bfc062723c751e8b465ee728b)  -> (artifact id: '1607a14e1b03a7a7de79ad092e584dc5') in 0.028684 seconds 
Number of asset objects unloaded after import = 3
========================================================================
Received Import Request.
  Time since last request: 0.000027 seconds.
  path: Assets/IMAGES/Green/6.png
  artifactKey: Guid(5179ce7f7e3274e1a8e4941c9c4c3b50) Importer(815301076,1909f56bfc062723c751e8b465ee728b)
Number of updated assets reloaded before import = 0
Start importing Assets/IMAGES/Green/6.png using Guid(5179ce7f7e3274e1a8e4941c9c4c3b50) Importer(815301076,1909f56bfc062723c751e8b465ee728b)  -> (artifact id: 'a8d085c60e09056c2e4951b933a71b2f') in 0.022678 seconds 
Number of asset objects unloaded after import = 3
========================================================================
Received Import Request.
  Time since last request: 0.000018 seconds.
  path: Assets/IMAGES/Red/R_Bot.png
  artifactKey: Guid(b078b822c87311948a014c2a0d08a63f) Importer(815301076,1909f56bfc062723c751e8b465ee728b)
Number of updated assets reloaded before import = 0
Start importing Assets/IMAGES/Red/R_Bot.png using Guid(b078b822c87311948a014c2a0d08a63f) Importer(815301076,1909f56bfc062723c751e8b465ee728b)  -> (artifact id: '028926b69c67574bf0ea68735d9b1f74') in 0.027485 seconds 
Number of asset objects unloaded after import = 3
========================================================================
Received Import Request.
  Time since last request: 0.000021 seconds.
  path: Assets/IMAGES/Green/7.png
  artifactKey: Guid(4ac4b31dc0581465bb6a49fe9e517bf5) Importer(815301076,1909f56bfc062723c751e8b465ee728b)
Number of updated assets reloaded before import = 0
Start importing Assets/IMAGES/Green/7.png using Guid(4ac4b31dc0581465bb6a49fe9e517bf5) Importer(815301076,1909f56bfc062723c751e8b465ee728b)  -> (artifact id: 'b7ca9b7a90f8c9b70ac426fdf247c331') in 0.024441 seconds 
Number of asset objects unloaded after import = 3
========================================================================
Received Import Request.
  Time since last request: 0.000019 seconds.
  path: Assets/IMAGES/Green/Medium Square.png
  artifactKey: Guid(d32bb440ca7df42cfbddb29190786691) Importer(815301076,1909f56bfc062723c751e8b465ee728b)
Number of updated assets reloaded before import = 0
Start importing Assets/IMAGES/Green/Medium Square.png using Guid(d32bb440ca7df42cfbddb29190786691) Importer(815301076,1909f56bfc062723c751e8b465ee728b)  -> (artifact id: '32abaf4c8b95aa42e29fdf2e4445c052') in 0.027864 seconds 
Number of asset objects unloaded after import = 3
========================================================================
Received Import Request.
  Time since last request: 0.000021 seconds.
  path: Assets/IMAGES/Blue/Blue Obstacles-25.png
  artifactKey: Guid(419a1466c02db9f4ea9f04a36a7f4d80) Importer(815301076,1909f56bfc062723c751e8b465ee728b)
Number of updated assets reloaded before import = 0
Start importing Assets/IMAGES/Blue/Blue Obstacles-25.png using Guid(419a1466c02db9f4ea9f04a36a7f4d80) Importer(815301076,1909f56bfc062723c751e8b465ee728b)  -> (artifact id: 'a97023ea293c69de5ffe9eeb4cf128a1') in 0.064648 seconds 
Number of asset objects unloaded after import = 3
========================================================================
Received Import Request.
  Time since last request: 0.000020 seconds.
  path: Assets/IMAGES/Green/Big Square.png
  artifactKey: Guid(8ebdad5aaa1784331b4006e48ef68af2) Importer(815301076,1909f56bfc062723c751e8b465ee728b)
Number of updated assets reloaded before import = 0
Start importing Assets/IMAGES/Green/Big Square.png using Guid(8ebdad5aaa1784331b4006e48ef68af2) Importer(815301076,1909f56bfc062723c751e8b465ee728b)  -> (artifact id: '2f311d3acda9f748516428ed055e2d2f') in 0.031644 seconds 
Number of asset objects unloaded after import = 3
========================================================================
Received Import Request.
  Time since last request: 0.000026 seconds.
  path: Assets/IMAGES/Blue/6.png
  artifactKey: Guid(b6c9374740a5d4d38866031b852ddedd) Importer(815301076,1909f56bfc062723c751e8b465ee728b)
Number of updated assets reloaded before import = 0
Start importing Assets/IMAGES/Blue/6.png using Guid(b6c9374740a5d4d38866031b852ddedd) Importer(815301076,1909f56bfc062723c751e8b465ee728b)  -> (artifact id: 'a8f9a59a7f2a5475d8b44cfdcbf3318f') in 0.023779 seconds 
Number of asset objects unloaded after import = 3
========================================================================
Received Import Request.
  Time since last request: 0.000018 seconds.
  path: Assets/IMAGES/Orange/4.png
  artifactKey: Guid(fd0d89b918f0a4dabb54c058c63c831a) Importer(815301076,1909f56bfc062723c751e8b465ee728b)
Number of updated assets reloaded before import = 0
Start importing Assets/IMAGES/Orange/4.png using Guid(fd0d89b918f0a4dabb54c058c63c831a) Importer(815301076,1909f56bfc062723c751e8b465ee728b)  -> (artifact id: '976fa673e61c7f51d9b12321e488de29') in 0.024136 seconds 
Number of asset objects unloaded after import = 3
========================================================================
Received Import Request.
  Time since last request: 0.000025 seconds.
  path: Assets/IMAGES/Red/R-12.png
  artifactKey: Guid(52a001d3fc339af48b206aa480b0aa67) Importer(815301076,1909f56bfc062723c751e8b465ee728b)
Number of updated assets reloaded before import = 0
Start importing Assets/IMAGES/Red/R-12.png using Guid(52a001d3fc339af48b206aa480b0aa67) Importer(815301076,1909f56bfc062723c751e8b465ee728b)  -> (artifact id: 'ba7db9ee95787d1c329402e067fb6897') in 0.022196 seconds 
Number of asset objects unloaded after import = 3
========================================================================
Received Import Request.
  Time since last request: 0.000015 seconds.
  path: Assets/IMAGES/Blue/Box Right.png
  artifactKey: Guid(515339c95992042a984859bad3557594) Importer(815301076,1909f56bfc062723c751e8b465ee728b)
Number of updated assets reloaded before import = 0
Start importing Assets/IMAGES/Blue/Box Right.png using Guid(515339c95992042a984859bad3557594) Importer(815301076,1909f56bfc062723c751e8b465ee728b)  -> (artifact id: 'a35335fbf241d9441f1c1b0f337f3958') in 0.034703 seconds 
Number of asset objects unloaded after import = 3
========================================================================
Received Import Request.
  Time since last request: 0.000020 seconds.
  path: Assets/IMAGES/New Background 2.png
  artifactKey: Guid(fa1b9ce9e73454de2b1b589683282d1b) Importer(815301076,1909f56bfc062723c751e8b465ee728b)
Number of updated assets reloaded before import = 0
Start importing Assets/IMAGES/New Background 2.png using Guid(fa1b9ce9e73454de2b1b589683282d1b) Importer(815301076,1909f56bfc062723c751e8b465ee728b)  -> (artifact id: '0052c104fc3a5aa16651cbac71f2b54c') in 0.065832 seconds 
Number of asset objects unloaded after import = 3
========================================================================
Received Import Request.
  Time since last request: 0.000016 seconds.
  path: Assets/IMAGES/Blue/Left obstacl.png
  artifactKey: Guid(23a283f3abd3142d98f59c47487ce033) Importer(815301076,1909f56bfc062723c751e8b465ee728b)
Number of updated assets reloaded before import = 0
Start importing Assets/IMAGES/Blue/Left obstacl.png using Guid(23a283f3abd3142d98f59c47487ce033) Importer(815301076,1909f56bfc062723c751e8b465ee728b)  -> (artifact id: '68992f8ccc4f62af278be40815cd1865') in 0.032927 seconds 
Number of asset objects unloaded after import = 3
========================================================================
Received Import Request.
  Time since last request: 0.000023 seconds.
  path: Assets/IMAGES/Orange/key-right.png
  artifactKey: Guid(70dd21172c11b6242a5a6d304d0c6bb7) Importer(815301076,1909f56bfc062723c751e8b465ee728b)
Number of updated assets reloaded before import = 0
Start importing Assets/IMAGES/Orange/key-right.png using Guid(70dd21172c11b6242a5a6d304d0c6bb7) Importer(815301076,1909f56bfc062723c751e8b465ee728b)  -> (artifact id: '034ec32a0d2978436222a6b45762b579') in 0.035237 seconds 
Number of asset objects unloaded after import = 3
========================================================================
Received Import Request.
  Time since last request: 0.000028 seconds.
  path: Assets/IMAGES/Blue/7.png
  artifactKey: Guid(75fa62eaa3a774b3db32e48aeedab578) Importer(815301076,1909f56bfc062723c751e8b465ee728b)
Number of updated assets reloaded before import = 0
Start importing Assets/IMAGES/Blue/7.png using Guid(75fa62eaa3a774b3db32e48aeedab578) Importer(815301076,1909f56bfc062723c751e8b465ee728b)  -> (artifact id: '9cb5144893196295df64c011fc488bba') in 0.023197 seconds 
Number of asset objects unloaded after import = 3
========================================================================
Received Import Request.
  Time since last request: 0.000038 seconds.
  path: Assets/IMAGES/Red/R_5 S.png
  artifactKey: Guid(3b224d15f6f5a6f4d8cce518fc212d95) Importer(815301076,1909f56bfc062723c751e8b465ee728b)
Number of updated assets reloaded before import = 0
Start importing Assets/IMAGES/Red/R_5 S.png using Guid(3b224d15f6f5a6f4d8cce518fc212d95) Importer(815301076,1909f56bfc062723c751e8b465ee728b)  -> (artifact id: '5abed8da03d6b208b411866946ea8d0b') in 0.020933 seconds 
Number of asset objects unloaded after import = 3
========================================================================
Received Import Request.
  Time since last request: 0.000015 seconds.
  path: Assets/IMAGES/Orange/Little Square.png
  artifactKey: Guid(bbd83ed43c85f4d44889456bd19ae8bd) Importer(815301076,1909f56bfc062723c751e8b465ee728b)
Number of updated assets reloaded before import = 0
Start importing Assets/IMAGES/Orange/Little Square.png using Guid(bbd83ed43c85f4d44889456bd19ae8bd) Importer(815301076,1909f56bfc062723c751e8b465ee728b)  -> (artifact id: '2bd5fae021dffc4484e143ec434397ed') in 0.030416 seconds 
Number of asset objects unloaded after import = 3
========================================================================
Received Import Request.
  Time since last request: 0.000020 seconds.
  path: Assets/IMAGES/Blue/3.png
  artifactKey: Guid(80970513d65944a6aa8250a901a42f4f) Importer(815301076,1909f56bfc062723c751e8b465ee728b)
Number of updated assets reloaded before import = 0
Start importing Assets/IMAGES/Blue/3.png using Guid(80970513d65944a6aa8250a901a42f4f) Importer(815301076,1909f56bfc062723c751e8b465ee728b)  -> (artifact id: '6de398cfa6c64f9af47af72588d4d470') in 0.019902 seconds 
Number of asset objects unloaded after import = 3
========================================================================
Received Import Request.
  Time since last request: 0.000019 seconds.
  path: Assets/IMAGES/Orange/Box Left.png
  artifactKey: Guid(f89c3fe4a09604df693043b452bc0137) Importer(815301076,1909f56bfc062723c751e8b465ee728b)
Number of updated assets reloaded before import = 0
Start importing Assets/IMAGES/Orange/Box Left.png using Guid(f89c3fe4a09604df693043b452bc0137) Importer(815301076,1909f56bfc062723c751e8b465ee728b)  -> (artifact id: 'f474dbdbb462512f9e32df5acae992c7') in 0.029312 seconds 
Number of asset objects unloaded after import = 3
========================================================================
Received Import Request.
  Time since last request: 0.000023 seconds.
  path: Assets/IMAGES/Red/R_1 S.png
  artifactKey: Guid(287d6b5d2274bcb4aa3e8e9344cb84f8) Importer(815301076,1909f56bfc062723c751e8b465ee728b)
Number of updated assets reloaded before import = 0
Start importing Assets/IMAGES/Red/R_1 S.png using Guid(287d6b5d2274bcb4aa3e8e9344cb84f8) Importer(815301076,1909f56bfc062723c751e8b465ee728b)  -> (artifact id: '71c6fffdd02c9e42e4a12e45da9d2f01') in 0.024380 seconds 
Number of asset objects unloaded after import = 3
========================================================================
Received Import Request.
  Time since last request: 0.000016 seconds.
  path: Assets/IMAGES/Orange/Box Right.png
  artifactKey: Guid(5ba1adbaee253460bb96853a3536239d) Importer(815301076,1909f56bfc062723c751e8b465ee728b)
Number of updated assets reloaded before import = 0
Start importing Assets/IMAGES/Orange/Box Right.png using Guid(5ba1adbaee253460bb96853a3536239d) Importer(815301076,1909f56bfc062723c751e8b465ee728b)  -> (artifact id: 'd577f36c5a3fe31d91c8d593626c6588') in 0.027652 seconds 
Number of asset objects unloaded after import = 3
========================================================================
Received Import Request.
  Time since last request: 0.000016 seconds.
  path: Assets/IMAGES/Green/Border Obstacle Right.png
  artifactKey: Guid(b790337a4600f43dd9008f184d01923f) Importer(815301076,1909f56bfc062723c751e8b465ee728b)
Number of updated assets reloaded before import = 0
Start importing Assets/IMAGES/Green/Border Obstacle Right.png using Guid(b790337a4600f43dd9008f184d01923f) Importer(815301076,1909f56bfc062723c751e8b465ee728b)  -> (artifact id: '8b9652b135cc8119ddebc89bb46ba33e') in 0.045032 seconds 
Number of asset objects unloaded after import = 3
========================================================================
Received Import Request.
  Time since last request: 0.000018 seconds.
  path: Assets/IMAGES/Red/R_1.png
  artifactKey: Guid(59148c7c1e0b664408bc76eb0953f114) Importer(815301076,1909f56bfc062723c751e8b465ee728b)
Number of updated assets reloaded before import = 0
Start importing Assets/IMAGES/Red/R_1.png using Guid(59148c7c1e0b664408bc76eb0953f114) Importer(815301076,1909f56bfc062723c751e8b465ee728b)  -> (artifact id: 'f7b69cc14305c242a616b86fab3c0e42') in 0.018025 seconds 
Number of asset objects unloaded after import = 3
========================================================================
Received Import Request.
  Time since last request: 0.000026 seconds.
  path: Assets/IMAGES/Green/circle obstacle-14.png
  artifactKey: Guid(c0f6696dc0799457cb6eb0da6b2f3e85) Importer(815301076,1909f56bfc062723c751e8b465ee728b)
Number of updated assets reloaded before import = 0
Start importing Assets/IMAGES/Green/circle obstacle-14.png using Guid(c0f6696dc0799457cb6eb0da6b2f3e85) Importer(815301076,1909f56bfc062723c751e8b465ee728b)  -> (artifact id: '7688222d25bdf004913040aa16116e5d') in 0.036043 seconds 
Number of asset objects unloaded after import = 3
========================================================================
Received Import Request.
  Time since last request: 0.000013 seconds.
  path: Assets/IMAGES/Pause.png
  artifactKey: Guid(70438fd276853c544ac85ad0e4102d84) Importer(815301076,1909f56bfc062723c751e8b465ee728b)
Number of updated assets reloaded before import = 0
Start importing Assets/IMAGES/Pause.png using Guid(70438fd276853c544ac85ad0e4102d84) Importer(815301076,1909f56bfc062723c751e8b465ee728b)  -> (artifact id: '0d3d2700f0e230f507953184154042b5') in 0.023865 seconds 
Number of asset objects unloaded after import = 3
========================================================================
Received Import Request.
  Time since last request: 0.000020 seconds.
  path: Assets/IMAGES/Red/R_4 S.png
  artifactKey: Guid(5fdcc75e769d29c4683b066a1740160f) Importer(815301076,1909f56bfc062723c751e8b465ee728b)
Number of updated assets reloaded before import = 0
Start importing Assets/IMAGES/Red/R_4 S.png using Guid(5fdcc75e769d29c4683b066a1740160f) Importer(815301076,1909f56bfc062723c751e8b465ee728b)  -> (artifact id: 'a691021e08dda1e1538f87f023e2a5aa') in 0.026436 seconds 
Number of asset objects unloaded after import = 3
========================================================================
Received Import Request.
  Time since last request: 0.000021 seconds.
  path: Assets/IMAGES/Orange/Left Triangle.png
  artifactKey: Guid(64963dd68465afc448c6642d902036c4) Importer(815301076,1909f56bfc062723c751e8b465ee728b)
Number of updated assets reloaded before import = 0
Start importing Assets/IMAGES/Orange/Left Triangle.png using Guid(64963dd68465afc448c6642d902036c4) Importer(815301076,1909f56bfc062723c751e8b465ee728b)  -> (artifact id: '7ed31a87ec948fa230e8072eca53c033') in 0.038301 seconds 
Number of asset objects unloaded after import = 3
========================================================================
Received Import Request.
  Time since last request: 0.000022 seconds.
  path: Assets/IMAGES/Blue/Open circle 1.png
  artifactKey: Guid(560efac06fefe42c7bd0a6a79ce739d7) Importer(815301076,1909f56bfc062723c751e8b465ee728b)
Number of updated assets reloaded before import = 0
Start importing Assets/IMAGES/Blue/Open circle 1.png using Guid(560efac06fefe42c7bd0a6a79ce739d7) Importer(815301076,1909f56bfc062723c751e8b465ee728b)  -> (artifact id: '5a0b15edeea2503d631c2c936c19344f') in 0.031125 seconds 
Number of asset objects unloaded after import = 3
========================================================================
Received Import Request.
  Time since last request: 0.000023 seconds.
  path: Assets/IMAGES/Green/Dot.png
  artifactKey: Guid(826d119e471404f00a9b48121da20238) Importer(815301076,1909f56bfc062723c751e8b465ee728b)
Number of updated assets reloaded before import = 0
Start importing Assets/IMAGES/Green/Dot.png using Guid(826d119e471404f00a9b48121da20238) Importer(815301076,1909f56bfc062723c751e8b465ee728b)  -> (artifact id: '66a83d2552886fca6de94981f135eb17') in 0.024124 seconds 
Number of asset objects unloaded after import = 3
========================================================================
Received Import Request.
  Time since last request: 0.000018 seconds.
  path: Assets/IMAGES/Game Over/Gameover.png
  artifactKey: Guid(81d49372b7c574f6c889cb52bf51b5fb) Importer(815301076,1909f56bfc062723c751e8b465ee728b)
Number of updated assets reloaded before import = 0
Start importing Assets/IMAGES/Game Over/Gameover.png using Guid(81d49372b7c574f6c889cb52bf51b5fb) Importer(815301076,1909f56bfc062723c751e8b465ee728b)  -> (artifact id: '9a082d17fed25ea306fdcaab0330ece6') in 0.030357 seconds 
Number of asset objects unloaded after import = 3
========================================================================
Received Import Request.
  Time since last request: 0.000020 seconds.
  path: Assets/IMAGES/Orange/Circle Obstacles-18.png
  artifactKey: Guid(ef5ddb29fd998465eb6a968cff678761) Importer(815301076,1909f56bfc062723c751e8b465ee728b)
Number of updated assets reloaded before import = 0
Start importing Assets/IMAGES/Orange/Circle Obstacles-18.png using Guid(ef5ddb29fd998465eb6a968cff678761) Importer(815301076,1909f56bfc062723c751e8b465ee728b)  -> (artifact id: '1b8be7a9f6254a2568eaf18380e278be') in 0.044591 seconds 
Number of asset objects unloaded after import = 3
Editor requested this worker to shutdown with reason: Scaling down because of idle timeout
AssetImportWorker is now disconnected from the server
Process exiting
Exiting without the bug reporter. Application will terminate with return code 0