Using pre-set license
Built from '2021.3/staging' branch; Version is '2021.3.30f1 (b4360d7cdac4) revision 11810317'; Using compiler version '192829333'; Build Type 'Release'
OS: 'Windows 11  (10.0.26100) 64bit Professional' Language: 'fr' Physical Memory: 65461 MB
BatchMode: 1, IsHumanControllingUs: 0, StartBugReporterOnCrash: 0, Is64bit: 1, IsPro: 1

COMMAND LINE ARGUMENTS:
C:\Program Files\Unity\Hub\Editor\2021.3.30f1\Editor\Unity.exe
-adb2
-batchMode
-noUpm
-name
AssetImportWorker2
-projectPath
C:/Users/alemi/Desktop/Clean Desk/ParisML/SplitUP
-logFile
Logs/AssetImportWorker2.log
-srvPort
12471
Successfully changed project path to: C:/Users/alemi/Desktop/Clean Desk/ParisML/SplitUP
C:/Users/alemi/Desktop/Clean Desk/ParisML/SplitUP
[UnityMemory] Configuration Parameters - Can be set up in boot.config
    "memorysetup-bucket-allocator-granularity=16"
    "memorysetup-bucket-allocator-bucket-count=8"
    "memorysetup-bucket-allocator-block-size=33554432"
    "memorysetup-bucket-allocator-block-count=8"
    "memorysetup-main-allocator-block-size=16777216"
    "memorysetup-thread-allocator-block-size=16777216"
    "memorysetup-gfx-main-allocator-block-size=16777216"
    "memorysetup-gfx-thread-allocator-block-size=16777216"
    "memorysetup-cache-allocator-block-size=4194304"
    "memorysetup-typetree-allocator-block-size=2097152"
    "memorysetup-profiler-bucket-allocator-granularity=16"
    "memorysetup-profiler-bucket-allocator-bucket-count=8"
    "memorysetup-profiler-bucket-allocator-block-size=33554432"
    "memorysetup-profiler-bucket-allocator-block-count=8"
    "memorysetup-profiler-allocator-block-size=16777216"
    "memorysetup-profiler-editor-allocator-block-size=1048576"
    "memorysetup-temp-allocator-size-main=16777216"
    "memorysetup-job-temp-allocator-block-size=2097152"
    "memorysetup-job-temp-allocator-block-size-background=1048576"
    "memorysetup-job-temp-allocator-reduction-small-platforms=262144"
    "memorysetup-temp-allocator-size-background-worker=32768"
    "memorysetup-temp-allocator-size-job-worker=262144"
    "memorysetup-temp-allocator-size-preload-manager=33554432"
    "memorysetup-temp-allocator-size-nav-mesh-worker=65536"
    "memorysetup-temp-allocator-size-audio-worker=65536"
    "memorysetup-temp-allocator-size-cloud-worker=32768"
    "memorysetup-temp-allocator-size-gi-baking-worker=262144"
    "memorysetup-temp-allocator-size-gfx=262144"
Player connection [24836] Host "[IP] 192.168.1.13 [Port] 0 [Flags] 2 [Guid] 1424093984 [EditorId] 1424093984 [Version] 1048832 [Id] WindowsEditor(7,Alexandre) [Debug] 1 [PackageName] WindowsEditor [ProjectName] Editor" joined multi-casting on [225.0.0.222:54997]...

Player connection [24836] Host "[IP] 192.168.1.13 [Port] 0 [Flags] 2 [Guid] 1424093984 [EditorId] 1424093984 [Version] 1048832 [Id] WindowsEditor(7,Alexandre) [Debug] 1 [PackageName] WindowsEditor [ProjectName] Editor" joined alternative multi-casting on [225.0.0.222:34997]...

[Physics::Module] Initialized MultithreadedJobDispatcher with {0} workers.
Refreshing native plugins compatible for Editor in 84.19 ms, found 3 plugins.
Preloading 0 native plugins for Editor in 0.00 ms.
Initialize engine version: 2021.3.30f1 (b4360d7cdac4)
[Subsystems] Discovering subsystems at path C:/Program Files/Unity/Hub/Editor/2021.3.30f1/Editor/Data/Resources/UnitySubsystems
[Subsystems] Discovering subsystems at path C:/Users/alemi/Desktop/Clean Desk/ParisML/SplitUP/Assets
GfxDevice: creating device client; threaded=0; jobified=0
Direct3D:
    Version:  Direct3D 11.0 [level 11.1]
    Renderer: AMD Radeon RX 6900 XT (ID=0x73bf)
    Vendor:   ATI
    VRAM:     16311 MB
    Driver:   32.0.13031.3015
Initialize mono
Mono path[0] = 'C:/Program Files/Unity/Hub/Editor/2021.3.30f1/Editor/Data/Managed'
Mono path[1] = 'C:/Program Files/Unity/Hub/Editor/2021.3.30f1/Editor/Data/MonoBleedingEdge/lib/mono/unityjit-win32'
Mono config path = 'C:/Program Files/Unity/Hub/Editor/2021.3.30f1/Editor/Data/MonoBleedingEdge/etc'
Using monoOptions --debugger-agent=transport=dt_socket,embedding=1,server=y,suspend=n,address=127.0.0.1:56240
Begin MonoManager ReloadAssembly
Registering precompiled unity dll's ...
Register platform support module: C:/Program Files/Unity/Hub/Editor/2021.3.30f1/Editor/Data/PlaybackEngines/AndroidPlayer/UnityEditor.Android.Extensions.dll
Register platform support module: C:/Program Files/Unity/Hub/Editor/2021.3.30f1/Editor/Data/PlaybackEngines/WindowsStandaloneSupport/UnityEditor.WindowsStandalone.Extensions.dll
Registered in 0.005510 seconds.
Native extension for WindowsStandalone target not found
Native extension for Android target not found
Android Extension - Scanning For ADB Devices 261 ms
Refreshing native plugins compatible for Editor in 74.51 ms, found 3 plugins.
Preloading 0 native plugins for Editor in 0.00 ms.
Mono: successfully reloaded assembly
- Completed reload, in  0.876 seconds
Domain Reload Profiling:
	ReloadAssembly (877ms)
		BeginReloadAssembly (94ms)
			ExecutionOrderSort (0ms)
			DisableScriptedObjects (0ms)
			BackupInstance (0ms)
			ReleaseScriptingObjects (0ms)
			CreateAndSetChildDomain (1ms)
		EndReloadAssembly (690ms)
			LoadAssemblies (92ms)
			RebuildTransferFunctionScriptingTraits (0ms)
			SetupTypeCache (95ms)
			ReleaseScriptCaches (0ms)
			RebuildScriptCaches (26ms)
			SetupLoadedEditorAssemblies (529ms)
				LogAssemblyErrors (0ms)
				InitializePlatformSupportModulesInManaged (355ms)
				SetLoadedEditorAssemblies (0ms)
				RefreshPlugins (75ms)
				BeforeProcessingInitializeOnLoad (2ms)
				ProcessInitializeOnLoadAttributes (63ms)
				ProcessInitializeOnLoadMethodAttributes (34ms)
				AfterProcessingInitializeOnLoad (0ms)
				EditorAssembliesLoaded (0ms)
			ExecutionOrderSort2 (0ms)
			AwakeInstancesAfterBackupRestoration (0ms)
Platform modules already initialized, skipping
Registering precompiled user dll's ...
Registered in 0.013718 seconds.
Begin MonoManager ReloadAssembly
Native extension for WindowsStandalone target not found
Native extension for Android target not found
Refreshing native plugins compatible for Editor in 0.89 ms, found 3 plugins.
Preloading 0 native plugins for Editor in 0.00 ms.
Package Manager log level set to [2]
[Package Manager] Server::EnsureServerProcessIsRunning -- launch failed, reason: Unity was launched with the -noUpm command-line argument
[Package Manager] Cannot connect to Unity Package Manager local server
Mono: successfully reloaded assembly
- Completed reload, in  1.224 seconds
Domain Reload Profiling:
	ReloadAssembly (1224ms)
		BeginReloadAssembly (97ms)
			ExecutionOrderSort (0ms)
			DisableScriptedObjects (4ms)
			BackupInstance (0ms)
			ReleaseScriptingObjects (0ms)
			CreateAndSetChildDomain (16ms)
		EndReloadAssembly (1045ms)
			LoadAssemblies (73ms)
			RebuildTransferFunctionScriptingTraits (0ms)
			SetupTypeCache (160ms)
			ReleaseScriptCaches (1ms)
			RebuildScriptCaches (38ms)
			SetupLoadedEditorAssemblies (750ms)
				LogAssemblyErrors (0ms)
				InitializePlatformSupportModulesInManaged (16ms)
				SetLoadedEditorAssemblies (0ms)
				RefreshPlugins (1ms)
				BeforeProcessingInitializeOnLoad (52ms)
				ProcessInitializeOnLoadAttributes (660ms)
				ProcessInitializeOnLoadMethodAttributes (14ms)
				AfterProcessingInitializeOnLoad (7ms)
				EditorAssembliesLoaded (0ms)
			ExecutionOrderSort2 (0ms)
			AwakeInstancesAfterBackupRestoration (4ms)
Platform modules already initialized, skipping
========================================================================
Worker process is ready to serve import requests
Launched and connected shader compiler UnityShaderCompiler.exe after 0.04 seconds
Refreshing native plugins compatible for Editor in 0.85 ms, found 3 plugins.
Preloading 0 native plugins for Editor in 0.00 ms.
Unloading 4412 Unused Serialized files (Serialized files now loaded: 0)
Unloading 86 unused Assets / (47.6 KB). Loaded Objects now: 4953.
Memory consumption went from 149.1 MB to 149.0 MB.
Total: 2.654200 ms (FindLiveObjects: 0.271700 ms CreateObjectMapping: 0.113400 ms MarkObjects: 2.208300 ms  DeleteObjects: 0.059900 ms)

AssetImportParameters requested are different than current active one (requested -> active):
  custom:video-decoder-ogg-theora: a1e56fd34408186e4bbccfd4996cb3dc -> 
  custom:container-muxer-webm: aa71ff27fc2769a1b78a27578f13a17b -> 
  custom:container-demuxer-webm: 4f35f7cbe854078d1ac9338744f61a02 -> 
  custom:video-encoder-webm-vp8: eb34c28f22e8b96e1ab97ce403110664 -> 
  custom:CustomObjectIndexerAttribute: bc11b3a6c3213fcdd17b65e7da85e133 -> 
  custom:audio-encoder-webm-vorbis: bf7c407c2cedff20999df2af8eb42d56 -> 
  custom:framework-win-MediaFoundation: 216162199b28c13a410421893ffa2e32 -> 
  custom:SearchIndexIgnoredProperties: e643bd26f0fe6173181afceb89e7c659 -> 
  custom:container-demuxer-ogg: 62fdf1f143b41e24485cea50d1cbac27 -> 
  custom:video-decoder-webm-vp8: 9c59270c3fd7afecdb556c50c9e8de78 -> 
  custom:audio-decoder-ogg-vorbis: bf7c407c2cedff20999df2af8eb42d56 -> 
========================================================================
Received Prepare
Registering precompiled user dll's ...
Registered in 0.009020 seconds.
Begin MonoManager ReloadAssembly
Native extension for WindowsStandalone target not found
Native extension for Android target not found
Refreshing native plugins compatible for Editor in 0.92 ms, found 3 plugins.
Preloading 0 native plugins for Editor in 0.00 ms.
[Package Manager] Server::EnsureServerProcessIsRunning -- launch failed, reason: Unity was launched with the -noUpm command-line argument
[Package Manager] Cannot connect to Unity Package Manager local server
Mono: successfully reloaded assembly
- Completed reload, in  1.257 seconds
Domain Reload Profiling:
	ReloadAssembly (1258ms)
		BeginReloadAssembly (117ms)
			ExecutionOrderSort (0ms)
			DisableScriptedObjects (3ms)
			BackupInstance (0ms)
			ReleaseScriptingObjects (0ms)
			CreateAndSetChildDomain (29ms)
		EndReloadAssembly (1063ms)
			LoadAssemblies (79ms)
			RebuildTransferFunctionScriptingTraits (0ms)
			SetupTypeCache (177ms)
			ReleaseScriptCaches (2ms)
			RebuildScriptCaches (43ms)
			SetupLoadedEditorAssemblies (740ms)
				LogAssemblyErrors (0ms)
				InitializePlatformSupportModulesInManaged (18ms)
				SetLoadedEditorAssemblies (0ms)
				RefreshPlugins (1ms)
				BeforeProcessingInitializeOnLoad (58ms)
				ProcessInitializeOnLoadAttributes (643ms)
				ProcessInitializeOnLoadMethodAttributes (14ms)
				AfterProcessingInitializeOnLoad (6ms)
				EditorAssembliesLoaded (0ms)
			ExecutionOrderSort2 (0ms)
			AwakeInstancesAfterBackupRestoration (5ms)
Platform modules already initialized, skipping
Refreshing native plugins compatible for Editor in 0.62 ms, found 3 plugins.
Preloading 0 native plugins for Editor in 0.00 ms.
Unloading 4391 Unused Serialized files (Serialized files now loaded: 0)
Unloading 81 unused Assets / (22.9 KB). Loaded Objects now: 4956.
Memory consumption went from 147.3 MB to 147.2 MB.
Total: 2.583400 ms (FindLiveObjects: 0.213500 ms CreateObjectMapping: 0.096000 ms MarkObjects: 2.242900 ms  DeleteObjects: 0.030200 ms)

AssetImportParameters requested are different than current active one (requested -> active):
  custom:video-decoder-ogg-theora: a1e56fd34408186e4bbccfd4996cb3dc -> 
  custom:container-muxer-webm: aa71ff27fc2769a1b78a27578f13a17b -> 
  custom:container-demuxer-webm: 4f35f7cbe854078d1ac9338744f61a02 -> 
  custom:video-encoder-webm-vp8: eb34c28f22e8b96e1ab97ce403110664 -> 
  custom:CustomObjectIndexerAttribute: bc11b3a6c3213fcdd17b65e7da85e133 -> 
  custom:audio-encoder-webm-vorbis: bf7c407c2cedff20999df2af8eb42d56 -> 
  custom:framework-win-MediaFoundation: 216162199b28c13a410421893ffa2e32 -> 
  custom:SearchIndexIgnoredProperties: e643bd26f0fe6173181afceb89e7c659 -> 
  custom:container-demuxer-ogg: 62fdf1f143b41e24485cea50d1cbac27 -> 
  custom:video-decoder-webm-vp8: 9c59270c3fd7afecdb556c50c9e8de78 -> 
  custom:audio-decoder-ogg-vorbis: bf7c407c2cedff20999df2af8eb42d56 -> 
========================================================================
Received Prepare
Registering precompiled user dll's ...
Registered in 0.008931 seconds.
Begin MonoManager ReloadAssembly
Native extension for WindowsStandalone target not found
Native extension for Android target not found
Refreshing native plugins compatible for Editor in 0.91 ms, found 3 plugins.
Preloading 0 native plugins for Editor in 0.00 ms.
[Package Manager] Server::EnsureServerProcessIsRunning -- launch failed, reason: Unity was launched with the -noUpm command-line argument
[Package Manager] Cannot connect to Unity Package Manager local server
Mono: successfully reloaded assembly
- Completed reload, in  1.304 seconds
Domain Reload Profiling:
	ReloadAssembly (1305ms)
		BeginReloadAssembly (142ms)
			ExecutionOrderSort (0ms)
			DisableScriptedObjects (5ms)
			BackupInstance (0ms)
			ReleaseScriptingObjects (0ms)
			CreateAndSetChildDomain (47ms)
		EndReloadAssembly (1084ms)
			LoadAssemblies (80ms)
			RebuildTransferFunctionScriptingTraits (0ms)
			SetupTypeCache (179ms)
			ReleaseScriptCaches (2ms)
			RebuildScriptCaches (49ms)
			SetupLoadedEditorAssemblies (748ms)
				LogAssemblyErrors (0ms)
				InitializePlatformSupportModulesInManaged (21ms)
				SetLoadedEditorAssemblies (0ms)
				RefreshPlugins (1ms)
				BeforeProcessingInitializeOnLoad (58ms)
				ProcessInitializeOnLoadAttributes (646ms)
				ProcessInitializeOnLoadMethodAttributes (15ms)
				AfterProcessingInitializeOnLoad (6ms)
				EditorAssembliesLoaded (0ms)
			ExecutionOrderSort2 (0ms)
			AwakeInstancesAfterBackupRestoration (4ms)
Platform modules already initialized, skipping
Refreshing native plugins compatible for Editor in 0.87 ms, found 3 plugins.
Preloading 0 native plugins for Editor in 0.00 ms.
Unloading 4391 Unused Serialized files (Serialized files now loaded: 0)
Unloading 81 unused Assets / (23.0 KB). Loaded Objects now: 4959.
Memory consumption went from 147.3 MB to 147.2 MB.
Total: 2.688500 ms (FindLiveObjects: 0.257400 ms CreateObjectMapping: 0.169000 ms MarkObjects: 2.226200 ms  DeleteObjects: 0.035400 ms)

AssetImportParameters requested are different than current active one (requested -> active):
  custom:video-decoder-ogg-theora: a1e56fd34408186e4bbccfd4996cb3dc -> 
  custom:container-muxer-webm: aa71ff27fc2769a1b78a27578f13a17b -> 
  custom:container-demuxer-webm: 4f35f7cbe854078d1ac9338744f61a02 -> 
  custom:video-encoder-webm-vp8: eb34c28f22e8b96e1ab97ce403110664 -> 
  custom:CustomObjectIndexerAttribute: bc11b3a6c3213fcdd17b65e7da85e133 -> 
  custom:audio-encoder-webm-vorbis: bf7c407c2cedff20999df2af8eb42d56 -> 
  custom:framework-win-MediaFoundation: 216162199b28c13a410421893ffa2e32 -> 
  custom:SearchIndexIgnoredProperties: e643bd26f0fe6173181afceb89e7c659 -> 
  custom:container-demuxer-ogg: 62fdf1f143b41e24485cea50d1cbac27 -> 
  custom:video-decoder-webm-vp8: 9c59270c3fd7afecdb556c50c9e8de78 -> 
  custom:audio-decoder-ogg-vorbis: bf7c407c2cedff20999df2af8eb42d56 -> 
========================================================================
Received Import Request.
  Time since last request: 33064.507167 seconds.
  path: Assets/IMAGES/Red/R_7 S.png
  artifactKey: Guid(f005e6e86ac803d48badf9d281a38e7b) Importer(815301076,1909f56bfc062723c751e8b465ee728b)
Number of updated assets reloaded before import = 0
Start importing Assets/IMAGES/Red/R_7 S.png using Guid(f005e6e86ac803d48badf9d281a38e7b) Importer(815301076,1909f56bfc062723c751e8b465ee728b)  -> (artifact id: '000f7c569d0e0caec84cd47d46939cd7') in 0.096909 seconds 
Number of asset objects unloaded after import = 3
========================================================================
Received Import Request.
  Time since last request: 0.000024 seconds.
  path: Assets/IMAGES/Red/R_Small triangle 3.png
  artifactKey: Guid(8a4cddf5518852d4ab4a258c9a2d27b2) Importer(815301076,1909f56bfc062723c751e8b465ee728b)
Number of updated assets reloaded before import = 0
Start importing Assets/IMAGES/Red/R_Small triangle 3.png using Guid(8a4cddf5518852d4ab4a258c9a2d27b2) Importer(815301076,1909f56bfc062723c751e8b465ee728b)  -> (artifact id: '7d68cc3e3e2eef6f7171cf77f4b028c0') in 0.017407 seconds 
Number of asset objects unloaded after import = 3
========================================================================
Received Import Request.
  Time since last request: 0.000019 seconds.
  path: Assets/IMAGES/Red/R_Box Left S.png
  artifactKey: Guid(2de06eaa78655d14bba6cdf4f76ad411) Importer(815301076,1909f56bfc062723c751e8b465ee728b)
Number of updated assets reloaded before import = 0
Start importing Assets/IMAGES/Red/R_Box Left S.png using Guid(2de06eaa78655d14bba6cdf4f76ad411) Importer(815301076,1909f56bfc062723c751e8b465ee728b)  -> (artifact id: 'b83875770bb7b530c2d837a6ad527bc9') in 0.022106 seconds 
Number of asset objects unloaded after import = 3
========================================================================
Received Import Request.
  Time since last request: 0.000025 seconds.
  path: Assets/IMAGES/Red/R_Top.png
  artifactKey: Guid(d7b48295fad465c4db377d7f37f24073) Importer(815301076,1909f56bfc062723c751e8b465ee728b)
Number of updated assets reloaded before import = 0
Start importing Assets/IMAGES/Red/R_Top.png using Guid(d7b48295fad465c4db377d7f37f24073) Importer(815301076,1909f56bfc062723c751e8b465ee728b)  -> (artifact id: '528fc8bcb9c7d92b2ed2a993d49536d2') in 0.023755 seconds 
Number of asset objects unloaded after import = 3
========================================================================
Received Import Request.
  Time since last request: 0.000017 seconds.
  path: Assets/IMAGES/menu elements/SplitUp.png
  artifactKey: Guid(3f492ff177a584a988e9bf65abfda9e4) Importer(815301076,1909f56bfc062723c751e8b465ee728b)
Number of updated assets reloaded before import = 0
Start importing Assets/IMAGES/menu elements/SplitUp.png using Guid(3f492ff177a584a988e9bf65abfda9e4) Importer(815301076,1909f56bfc062723c751e8b465ee728b)  -> (artifact id: '0dca03a38f0bfb64580552f0f5724228') in 0.024401 seconds 
Number of asset objects unloaded after import = 3
========================================================================
Received Import Request.
  Time since last request: 0.000013 seconds.
  path: Assets/IMAGES/Red/R_Box Right.png
  artifactKey: Guid(f05a17667a29e5140af9f0d48739b70b) Importer(815301076,1909f56bfc062723c751e8b465ee728b)
Number of updated assets reloaded before import = 0
Start importing Assets/IMAGES/Red/R_Box Right.png using Guid(f05a17667a29e5140af9f0d48739b70b) Importer(815301076,1909f56bfc062723c751e8b465ee728b)  -> (artifact id: 'dc65afa9c533da0c31e3aa52fb68e2fb') in 0.020153 seconds 
Number of asset objects unloaded after import = 3
========================================================================
Received Import Request.
  Time since last request: 0.000014 seconds.
  path: Assets/IMAGES/Orange/Triangle down.png
  artifactKey: Guid(b503b485f68974503a536229f625b0f0) Importer(815301076,1909f56bfc062723c751e8b465ee728b)
Number of updated assets reloaded before import = 0
Start importing Assets/IMAGES/Orange/Triangle down.png using Guid(b503b485f68974503a536229f625b0f0) Importer(815301076,1909f56bfc062723c751e8b465ee728b)  -> (artifact id: '166523a78a4af3c7ca30527115f7bde9') in 0.023044 seconds 
Number of asset objects unloaded after import = 3
========================================================================
Received Import Request.
  Time since last request: 0.000013 seconds.
  path: Assets/IMAGES/Red/R_Dot 2.png
  artifactKey: Guid(6f36f824e755e0e4c96c573a8b998b3f) Importer(815301076,1909f56bfc062723c751e8b465ee728b)
Number of updated assets reloaded before import = 0
Start importing Assets/IMAGES/Red/R_Dot 2.png using Guid(6f36f824e755e0e4c96c573a8b998b3f) Importer(815301076,1909f56bfc062723c751e8b465ee728b)  -> (artifact id: '20c5f96c85b79619d93322965b9ea943') in 0.020067 seconds 
Number of asset objects unloaded after import = 3
========================================================================
Received Import Request.
  Time since last request: 0.000013 seconds.
  path: Assets/IMAGES/Green/Triangle Right.png
  artifactKey: Guid(266be235ab5f241399ef7643d0d05992) Importer(815301076,1909f56bfc062723c751e8b465ee728b)
Number of updated assets reloaded before import = 0
Start importing Assets/IMAGES/Green/Triangle Right.png using Guid(266be235ab5f241399ef7643d0d05992) Importer(815301076,1909f56bfc062723c751e8b465ee728b)  -> (artifact id: 'eb196434732203e3af8699c1aae87a9c') in 0.022706 seconds 
Number of asset objects unloaded after import = 3
========================================================================
Received Import Request.
  Time since last request: 0.000023 seconds.
  path: Assets/IMAGES/Red/R_Triangle Right S.png
  artifactKey: Guid(06d3a91872c490848bc0839a8be55f7a) Importer(815301076,1909f56bfc062723c751e8b465ee728b)
Number of updated assets reloaded before import = 0
Start importing Assets/IMAGES/Red/R_Triangle Right S.png using Guid(06d3a91872c490848bc0839a8be55f7a) Importer(815301076,1909f56bfc062723c751e8b465ee728b)  -> (artifact id: '56e27ba119250af0e886c810c07b8418') in 0.022545 seconds 
Number of asset objects unloaded after import = 3
========================================================================
Received Import Request.
  Time since last request: 0.000013 seconds.
  path: Assets/IMAGES/Red/R_Pylon 1.png
  artifactKey: Guid(bf2b123a9ef72fd48a4222c0278131f3) Importer(815301076,1909f56bfc062723c751e8b465ee728b)
Number of updated assets reloaded before import = 0
Start importing Assets/IMAGES/Red/R_Pylon 1.png using Guid(bf2b123a9ef72fd48a4222c0278131f3) Importer(815301076,1909f56bfc062723c751e8b465ee728b)  -> (artifact id: '96f6491f75a675a767636c9a80c0f452') in 0.020136 seconds 
Number of asset objects unloaded after import = 3
========================================================================
Received Import Request.
  Time since last request: 0.000016 seconds.
  path: Assets/IMAGES/Red/R_Open Polygon 1 S.png
  artifactKey: Guid(33df7f45a43a4284d8eec580e6fb3611) Importer(815301076,1909f56bfc062723c751e8b465ee728b)
Number of updated assets reloaded before import = 0
Start importing Assets/IMAGES/Red/R_Open Polygon 1 S.png using Guid(33df7f45a43a4284d8eec580e6fb3611) Importer(815301076,1909f56bfc062723c751e8b465ee728b)  -> (artifact id: '4aae0e164467146a880e10dea3dbcfa3') in 0.039495 seconds 
Number of asset objects unloaded after import = 3
========================================================================
Received Import Request.
  Time since last request: 0.000019 seconds.
  path: Assets/IMAGES/Red/R_Key Right.png
  artifactKey: Guid(8444ec24ee26d7546bdc64dc1c50d6fe) Importer(815301076,1909f56bfc062723c751e8b465ee728b)
Number of updated assets reloaded before import = 0
Start importing Assets/IMAGES/Red/R_Key Right.png using Guid(8444ec24ee26d7546bdc64dc1c50d6fe) Importer(815301076,1909f56bfc062723c751e8b465ee728b)  -> (artifact id: '149aec9e38e6ff169670fa84d94c48b5') in 0.021910 seconds 
Number of asset objects unloaded after import = 3
========================================================================
Received Import Request.
  Time since last request: 0.000031 seconds.
  path: Assets/IMAGES/Red/R_Diamond 1 S.png
  artifactKey: Guid(0977ad7b0c413444ab6d4619d1a3029c) Importer(815301076,1909f56bfc062723c751e8b465ee728b)
Number of updated assets reloaded before import = 0
Start importing Assets/IMAGES/Red/R_Diamond 1 S.png using Guid(0977ad7b0c413444ab6d4619d1a3029c) Importer(815301076,1909f56bfc062723c751e8b465ee728b)  -> (artifact id: 'ed5854a62ab170359429180fe42f50db') in 0.022600 seconds 
Number of asset objects unloaded after import = 3
========================================================================
Received Import Request.
  Time since last request: 0.000014 seconds.
  path: Assets/IMAGES/Red/R_Small triangle 3 S.png
  artifactKey: Guid(02d740513775f714bbfa314ff3c5f72e) Importer(815301076,1909f56bfc062723c751e8b465ee728b)
Number of updated assets reloaded before import = 0
Start importing Assets/IMAGES/Red/R_Small triangle 3 S.png using Guid(02d740513775f714bbfa314ff3c5f72e) Importer(815301076,1909f56bfc062723c751e8b465ee728b)  -> (artifact id: '6ce88f725f5da81ee30a053f19da4e34') in 0.020159 seconds 
Number of asset objects unloaded after import = 3
========================================================================
Received Import Request.
  Time since last request: 0.000015 seconds.
  path: Assets/IMAGES/Game Over/Share.png
  artifactKey: Guid(7f344d8ed3b5949f29982979af0197fb) Importer(815301076,1909f56bfc062723c751e8b465ee728b)
Number of updated assets reloaded before import = 0
Start importing Assets/IMAGES/Game Over/Share.png using Guid(7f344d8ed3b5949f29982979af0197fb) Importer(815301076,1909f56bfc062723c751e8b465ee728b)  -> (artifact id: 'ca8da1042e8915823ce52d00785e6164') in 0.021674 seconds 
Number of asset objects unloaded after import = 3
========================================================================
Received Import Request.
  Time since last request: 0.000018 seconds.
  path: Assets/IMAGES/Red/R_Key Left S.png
  artifactKey: Guid(24c99190ff8f7b647a439affb2eec6b5) Importer(815301076,1909f56bfc062723c751e8b465ee728b)
Number of updated assets reloaded before import = 0
Start importing Assets/IMAGES/Red/R_Key Left S.png using Guid(24c99190ff8f7b647a439affb2eec6b5) Importer(815301076,1909f56bfc062723c751e8b465ee728b)  -> (artifact id: '31dbd09d50f7d3d63c75424670640336') in 0.023059 seconds 
Number of asset objects unloaded after import = 3
========================================================================
Received Import Request.
  Time since last request: 0.000018 seconds.
  path: Assets/IMAGES/Green/Rotate open circle-01.png
  artifactKey: Guid(20de6fc0a3eb542a2ae0974eef1b849b) Importer(815301076,1909f56bfc062723c751e8b465ee728b)
Number of updated assets reloaded before import = 0
Start importing Assets/IMAGES/Green/Rotate open circle-01.png using Guid(20de6fc0a3eb542a2ae0974eef1b849b) Importer(815301076,1909f56bfc062723c751e8b465ee728b)  -> (artifact id: '0f420f3fd1dbe0fcf784ed0d6973e30e') in 0.061031 seconds 
Number of asset objects unloaded after import = 3
========================================================================
Received Import Request.
  Time since last request: 0.000018 seconds.
  path: Assets/IMAGES/Red/R_8 S.png
  artifactKey: Guid(599f3f863e4e47748b658391915916e0) Importer(815301076,1909f56bfc062723c751e8b465ee728b)
Number of updated assets reloaded before import = 0
Start importing Assets/IMAGES/Red/R_8 S.png using Guid(599f3f863e4e47748b658391915916e0) Importer(815301076,1909f56bfc062723c751e8b465ee728b)  -> (artifact id: '2a677e39a6b59076f89a48c1e5cb9555') in 0.021272 seconds 
Number of asset objects unloaded after import = 3
========================================================================
Received Import Request.
  Time since last request: 0.000016 seconds.
  path: Assets/IMAGES/Red/R_Dot 1 S.png
  artifactKey: Guid(385bbef102ffe6c4da08d868b70c5171) Importer(815301076,1909f56bfc062723c751e8b465ee728b)
Number of updated assets reloaded before import = 0
Start importing Assets/IMAGES/Red/R_Dot 1 S.png using Guid(385bbef102ffe6c4da08d868b70c5171) Importer(815301076,1909f56bfc062723c751e8b465ee728b)  -> (artifact id: 'f69d1e2ea8f11c664a5d24ee1573564e') in 0.018988 seconds 
Number of asset objects unloaded after import = 3
========================================================================
Received Import Request.
  Time since last request: 0.000015 seconds.
  path: Assets/IMAGES/Red Obstacles-01.png
  artifactKey: Guid(a19a19bc21264a94ebfed97f7eb6a506) Importer(815301076,1909f56bfc062723c751e8b465ee728b)
Number of updated assets reloaded before import = 0
Start importing Assets/IMAGES/Red Obstacles-01.png using Guid(a19a19bc21264a94ebfed97f7eb6a506) Importer(815301076,1909f56bfc062723c751e8b465ee728b)  -> (artifact id: 'cfac8dd8f3d818858ef039916c7f7c7d') in 0.017311 seconds 
Number of asset objects unloaded after import = 3
========================================================================
Received Import Request.
  Time since last request: 0.000018 seconds.
  path: Assets/IMAGES/Red/R_Losange S.png
  artifactKey: Guid(27f05f40c58317e4788a4cc851359752) Importer(815301076,1909f56bfc062723c751e8b465ee728b)
Number of updated assets reloaded before import = 0
Start importing Assets/IMAGES/Red/R_Losange S.png using Guid(27f05f40c58317e4788a4cc851359752) Importer(815301076,1909f56bfc062723c751e8b465ee728b)  -> (artifact id: 'dd3a15aa31e26b39321a9099f9ae2461') in 0.019231 seconds 
Number of asset objects unloaded after import = 3
========================================================================
Received Import Request.
  Time since last request: 0.000021 seconds.
  path: Assets/IMAGES/score bar new2-02.png
  artifactKey: Guid(83d2e08a0773f45aeb487a60475817c7) Importer(815301076,1909f56bfc062723c751e8b465ee728b)
Number of updated assets reloaded before import = 0
Start importing Assets/IMAGES/score bar new2-02.png using Guid(83d2e08a0773f45aeb487a60475817c7) Importer(815301076,1909f56bfc062723c751e8b465ee728b)  -> (artifact id: 'fb3a203975ed72c42136d37d0ca16e34') in 0.020569 seconds 
Number of asset objects unloaded after import = 3
========================================================================
Received Import Request.
  Time since last request: 0.000014 seconds.
  path: Assets/IMAGES/Red/R_Bubble.png
  artifactKey: Guid(d1742056a8056a947b334186d8dd01a2) Importer(815301076,1909f56bfc062723c751e8b465ee728b)
Number of updated assets reloaded before import = 0
Start importing Assets/IMAGES/Red/R_Bubble.png using Guid(d1742056a8056a947b334186d8dd01a2) Importer(815301076,1909f56bfc062723c751e8b465ee728b)  -> (artifact id: 'e17383d9dc481cdbc8cedeb5c5835775') in 0.026055 seconds 
Number of asset objects unloaded after import = 3
========================================================================
Received Import Request.
  Time since last request: 0.000013 seconds.
  path: Assets/IMAGES/Game Over/Score.png
  artifactKey: Guid(31ad9dfbe7b994fcea7b673d40848482) Importer(815301076,1909f56bfc062723c751e8b465ee728b)
Number of updated assets reloaded before import = 0
Start importing Assets/IMAGES/Game Over/Score.png using Guid(31ad9dfbe7b994fcea7b673d40848482) Importer(815301076,1909f56bfc062723c751e8b465ee728b)  -> (artifact id: 'd5a1e178ee5115f7a63acf04c1955d6d') in 0.020401 seconds 
Number of asset objects unloaded after import = 3
========================================================================
Received Import Request.
  Time since last request: 0.000018 seconds.
  path: Assets/IMAGES/Red/R_Triangle Back .png
  artifactKey: Guid(4f2c79368c633984ea8c4c42da4d9fcd) Importer(815301076,1909f56bfc062723c751e8b465ee728b)
Number of updated assets reloaded before import = 0
Start importing Assets/IMAGES/Red/R_Triangle Back .png using Guid(4f2c79368c633984ea8c4c42da4d9fcd) Importer(815301076,1909f56bfc062723c751e8b465ee728b)  -> (artifact id: '58f2e98a4becfe09260c26562d08f84a') in 0.028544 seconds 
Number of asset objects unloaded after import = 3
========================================================================
Received Import Request.
  Time since last request: 0.000022 seconds.
  path: Assets/IMAGES/Red/R_Bot.png
  artifactKey: Guid(b078b822c87311948a014c2a0d08a63f) Importer(815301076,1909f56bfc062723c751e8b465ee728b)
Number of updated assets reloaded before import = 0
Start importing Assets/IMAGES/Red/R_Bot.png using Guid(b078b822c87311948a014c2a0d08a63f) Importer(815301076,1909f56bfc062723c751e8b465ee728b)  -> (artifact id: 'a35b70acbfb35c42e9f2e71fca53432f') in 0.022833 seconds 
Number of asset objects unloaded after import = 3
========================================================================
Received Import Request.
  Time since last request: 0.000015 seconds.
  path: Assets/IMAGES/Red/R_Small triangle 1.png
  artifactKey: Guid(7565f6fc4386ca74fa9f68f41a835d25) Importer(815301076,1909f56bfc062723c751e8b465ee728b)
Number of updated assets reloaded before import = 0
Start importing Assets/IMAGES/Red/R_Small triangle 1.png using Guid(7565f6fc4386ca74fa9f68f41a835d25) Importer(815301076,1909f56bfc062723c751e8b465ee728b)  -> (artifact id: '6a553a8a30dfc1c6e67c165396f46efc') in 0.017628 seconds 
Number of asset objects unloaded after import = 3
========================================================================
Received Import Request.
  Time since last request: 0.000013 seconds.
  path: Assets/IMAGES/Red/R_Pylon 2.png
  artifactKey: Guid(9daf3627d89bd3d438f52c1a78e8ad3f) Importer(815301076,1909f56bfc062723c751e8b465ee728b)
Number of updated assets reloaded before import = 0
Start importing Assets/IMAGES/Red/R_Pylon 2.png using Guid(9daf3627d89bd3d438f52c1a78e8ad3f) Importer(815301076,1909f56bfc062723c751e8b465ee728b)  -> (artifact id: 'e9fdd52fc812717b281bb460a243c47a') in 0.019451 seconds 
Number of asset objects unloaded after import = 3
========================================================================
Received Import Request.
  Time since last request: 0.000013 seconds.
  path: Assets/IMAGES/Orange/Triangle Polygon.png
  artifactKey: Guid(d0a66ed807b4a44849c2ffcfad4d0278) Importer(815301076,1909f56bfc062723c751e8b465ee728b)
Number of updated assets reloaded before import = 0
Start importing Assets/IMAGES/Orange/Triangle Polygon.png using Guid(d0a66ed807b4a44849c2ffcfad4d0278) Importer(815301076,1909f56bfc062723c751e8b465ee728b)  -> (artifact id: 'f1799960289d3efbbfc604b472d3c982') in 0.018582 seconds 
Number of asset objects unloaded after import = 3
========================================================================
Received Import Request.
  Time since last request: 0.000014 seconds.
  path: Assets/IMAGES/Blue/Right Obstacle.png
  artifactKey: Guid(c0de81204b77645fe84a930ff9b6edd4) Importer(815301076,1909f56bfc062723c751e8b465ee728b)
Number of updated assets reloaded before import = 0
Start importing Assets/IMAGES/Blue/Right Obstacle.png using Guid(c0de81204b77645fe84a930ff9b6edd4) Importer(815301076,1909f56bfc062723c751e8b465ee728b)  -> (artifact id: 'a5de42367d2c508b0c6fbf85612cb392') in 0.029907 seconds 
Number of asset objects unloaded after import = 3
========================================================================
Received Import Request.
  Time since last request: 0.000020 seconds.
  path: Assets/IMAGES/Red/R_Losange.png
  artifactKey: Guid(fbb2dbe1364af5e4eb86858ea4db1dee) Importer(815301076,1909f56bfc062723c751e8b465ee728b)
Number of updated assets reloaded before import = 0
Start importing Assets/IMAGES/Red/R_Losange.png using Guid(fbb2dbe1364af5e4eb86858ea4db1dee) Importer(815301076,1909f56bfc062723c751e8b465ee728b)  -> (artifact id: '4019d5efec8a3182b4bdb0d7c2c75a12') in 0.022477 seconds 
Number of asset objects unloaded after import = 3
========================================================================
Received Import Request.
  Time since last request: 0.000025 seconds.
  path: Assets/IMAGES/Red/R_Polygon obs.png
  artifactKey: Guid(64a851b6cadb9bb42a311b19fa727092) Importer(815301076,1909f56bfc062723c751e8b465ee728b)
Number of updated assets reloaded before import = 0
Start importing Assets/IMAGES/Red/R_Polygon obs.png using Guid(64a851b6cadb9bb42a311b19fa727092) Importer(815301076,1909f56bfc062723c751e8b465ee728b)  -> (artifact id: '7b74a149057dabe6e8c0817af5c7c9ad') in 0.029510 seconds 
Number of asset objects unloaded after import = 3
========================================================================
Received Import Request.
  Time since last request: 0.000019 seconds.
  path: Assets/IMAGES/Red/R_Diamond 2 S.png
  artifactKey: Guid(358fd6aae8dd5c248a88a4de388d44bf) Importer(815301076,1909f56bfc062723c751e8b465ee728b)
Number of updated assets reloaded before import = 0
Start importing Assets/IMAGES/Red/R_Diamond 2 S.png using Guid(358fd6aae8dd5c248a88a4de388d44bf) Importer(815301076,1909f56bfc062723c751e8b465ee728b)  -> (artifact id: '54a01e8f412b96f9b757fb09aafba904') in 0.026412 seconds 
Number of asset objects unloaded after import = 3
========================================================================
Received Import Request.
  Time since last request: 0.000013 seconds.
  path: Assets/IMAGES/Blue/Right.png
  artifactKey: Guid(ae744a918d378ed4195c2ed833782a1d) Importer(815301076,1909f56bfc062723c751e8b465ee728b)
Number of updated assets reloaded before import = 0
Start importing Assets/IMAGES/Blue/Right.png using Guid(ae744a918d378ed4195c2ed833782a1d) Importer(815301076,1909f56bfc062723c751e8b465ee728b)  -> (artifact id: '71bb4c03b9830509e9538b5d7c6ad500') in 0.039201 seconds 
Number of asset objects unloaded after import = 3
========================================================================
Received Import Request.
  Time since last request: 0.000019 seconds.
  path: Assets/IMAGES/Red/R_Bubble S.png
  artifactKey: Guid(da7f696318684bf4c8d2fd53c70ef569) Importer(815301076,1909f56bfc062723c751e8b465ee728b)
Number of updated assets reloaded before import = 0
Start importing Assets/IMAGES/Red/R_Bubble S.png using Guid(da7f696318684bf4c8d2fd53c70ef569) Importer(815301076,1909f56bfc062723c751e8b465ee728b)  -> (artifact id: 'fe56a8a872af7b7b9b7166e03a19edea') in 0.028023 seconds 
Number of asset objects unloaded after import = 3
========================================================================
Received Import Request.
  Time since last request: 0.000016 seconds.
  path: Assets/IMAGES/SplitUpIcon.png
  artifactKey: Guid(11262c6fea482b14dba8502436dec1c8) Importer(815301076,1909f56bfc062723c751e8b465ee728b)
Number of updated assets reloaded before import = 0
Start importing Assets/IMAGES/SplitUpIcon.png using Guid(11262c6fea482b14dba8502436dec1c8) Importer(815301076,1909f56bfc062723c751e8b465ee728b)  -> (artifact id: '3532615a6bd2be933573519ca9ace39c') in 0.024164 seconds 
Number of asset objects unloaded after import = 3
========================================================================
Received Import Request.
  Time since last request: 0.000016 seconds.
  path: Assets/IMAGES/Green/Triangle polygon.png
  artifactKey: Guid(512bae9212410430e8bded4837a806ba) Importer(815301076,1909f56bfc062723c751e8b465ee728b)
Number of updated assets reloaded before import = 0
Start importing Assets/IMAGES/Green/Triangle polygon.png using Guid(512bae9212410430e8bded4837a806ba) Importer(815301076,1909f56bfc062723c751e8b465ee728b)  -> (artifact id: 'ea7e434ffed1e06f53e44438599d4391') in 0.023471 seconds 
Number of asset objects unloaded after import = 3
========================================================================
Received Import Request.
  Time since last request: 0.000015 seconds.
  path: Assets/IMAGES/Red/R_Top S.png
  artifactKey: Guid(9519dbbd00bb7c54da6e984335016258) Importer(815301076,1909f56bfc062723c751e8b465ee728b)
Number of updated assets reloaded before import = 0
Start importing Assets/IMAGES/Red/R_Top S.png using Guid(9519dbbd00bb7c54da6e984335016258) Importer(815301076,1909f56bfc062723c751e8b465ee728b)  -> (artifact id: '8610d565a4ac4959eb5117e84f38afa7') in 0.024466 seconds 
Number of asset objects unloaded after import = 3
========================================================================
Received Import Request.
  Time since last request: 0.000019 seconds.
  path: Assets/IMAGES/Red/R_Box Right-73.png
  artifactKey: Guid(ca1ef75340d44e444b2df9014b4a89d7) Importer(815301076,1909f56bfc062723c751e8b465ee728b)
Number of updated assets reloaded before import = 0
Start importing Assets/IMAGES/Red/R_Box Right-73.png using Guid(ca1ef75340d44e444b2df9014b4a89d7) Importer(815301076,1909f56bfc062723c751e8b465ee728b)  -> (artifact id: 'ad5c3ffdbf99b788dda81c912ca12fbd') in 0.019893 seconds 
Number of asset objects unloaded after import = 3
========================================================================
Received Import Request.
  Time since last request: 0.000021 seconds.
  path: Assets/IMAGES/Orange/Sphere Center.png
  artifactKey: Guid(4d070f6deede445bf82f0ef770421145) Importer(815301076,1909f56bfc062723c751e8b465ee728b)
Number of updated assets reloaded before import = 0
Start importing Assets/IMAGES/Orange/Sphere Center.png using Guid(4d070f6deede445bf82f0ef770421145) Importer(815301076,1909f56bfc062723c751e8b465ee728b)  -> (artifact id: 'fc386a6c43a416f6bad87ec61634b923') in 0.023273 seconds 
Number of asset objects unloaded after import = 3
========================================================================
Received Import Request.
  Time since last request: 0.000013 seconds.
  path: Assets/IMAGES/Red/R_Polygon obs S.png
  artifactKey: Guid(abae4d7409cc6754ebf2f2529537a847) Importer(815301076,1909f56bfc062723c751e8b465ee728b)
Number of updated assets reloaded before import = 0
Start importing Assets/IMAGES/Red/R_Polygon obs S.png using Guid(abae4d7409cc6754ebf2f2529537a847) Importer(815301076,1909f56bfc062723c751e8b465ee728b)  -> (artifact id: 'fa95f637f4cb60bb3230867158ad4bab') in 0.030534 seconds 
Number of asset objects unloaded after import = 3
========================================================================
Received Import Request.
  Time since last request: 0.000017 seconds.
  path: Assets/IMAGES/menu elements/Settings.png
  artifactKey: Guid(686cbf9ba5c4b4c3799b6679b13b4955) Importer(815301076,1909f56bfc062723c751e8b465ee728b)
Number of updated assets reloaded before import = 0
Start importing Assets/IMAGES/menu elements/Settings.png using Guid(686cbf9ba5c4b4c3799b6679b13b4955) Importer(815301076,1909f56bfc062723c751e8b465ee728b)  -> (artifact id: '51f4e91e4401337662498bf5366fbdab') in 0.025516 seconds 
Number of asset objects unloaded after import = 3
========================================================================
Received Import Request.
  Time since last request: 0.000013 seconds.
  path: Assets/IMAGES/Red/R_Polygon.png
  artifactKey: Guid(40aa8a4106f237b4bb727e2369ff184b) Importer(815301076,1909f56bfc062723c751e8b465ee728b)
Number of updated assets reloaded before import = 0
Start importing Assets/IMAGES/Red/R_Polygon.png using Guid(40aa8a4106f237b4bb727e2369ff184b) Importer(815301076,1909f56bfc062723c751e8b465ee728b)  -> (artifact id: '5b4751ea6b84e4889a4f8e3e5a949165') in 0.019818 seconds 
Number of asset objects unloaded after import = 3
========================================================================
Received Import Request.
  Time since last request: 0.000013 seconds.
  path: Assets/IMAGES/SBar.jpg
  artifactKey: Guid(ea5152debc2d1e04ca46040b3dfca5b9) Importer(815301076,1909f56bfc062723c751e8b465ee728b)
Number of updated assets reloaded before import = 0
Start importing Assets/IMAGES/SBar.jpg using Guid(ea5152debc2d1e04ca46040b3dfca5b9) Importer(815301076,1909f56bfc062723c751e8b465ee728b)  -> (artifact id: '9ef52d031620ae9d54687e20ad749f21') in 0.027291 seconds 
Number of asset objects unloaded after import = 3
========================================================================
Received Import Request.
  Time since last request: 0.000014 seconds.
  path: Assets/IMAGES/Red/R_Triangle Left S.png
  artifactKey: Guid(9c3ce6d67cf2eb74c85ec737962b0f88) Importer(815301076,1909f56bfc062723c751e8b465ee728b)
Number of updated assets reloaded before import = 0
Start importing Assets/IMAGES/Red/R_Triangle Left S.png using Guid(9c3ce6d67cf2eb74c85ec737962b0f88) Importer(815301076,1909f56bfc062723c751e8b465ee728b)  -> (artifact id: '055304b97f133df4cd3e8c4305fa59e5') in 0.021277 seconds 
Number of asset objects unloaded after import = 3
========================================================================
Received Import Request.
  Time since last request: 0.000017 seconds.
  path: Assets/IMAGES/Blue/Triangle Left.png
  artifactKey: Guid(ecf10778000bfcf4aaf2535aa851ce3d) Importer(815301076,1909f56bfc062723c751e8b465ee728b)
Number of updated assets reloaded before import = 0
Start importing Assets/IMAGES/Blue/Triangle Left.png using Guid(ecf10778000bfcf4aaf2535aa851ce3d) Importer(815301076,1909f56bfc062723c751e8b465ee728b)  -> (artifact id: 'd0dd0edad9a0683cc6666ef0f315daf7') in 0.043969 seconds 
Number of asset objects unloaded after import = 3
========================================================================
Received Import Request.
  Time since last request: 1.063908 seconds.
  path: Assets/IMAGES/Red/R_1.png
  artifactKey: Guid(59148c7c1e0b664408bc76eb0953f114) Importer(815301076,1909f56bfc062723c751e8b465ee728b)
Number of updated assets reloaded before import = 0
Start importing Assets/IMAGES/Red/R_1.png using Guid(59148c7c1e0b664408bc76eb0953f114) Importer(815301076,1909f56bfc062723c751e8b465ee728b)  -> (artifact id: 'c8202ae68aacf229d8f6acac02b20b26') in 0.019909 seconds 
Number of asset objects unloaded after import = 3
========================================================================
Received Import Request.
  Time since last request: 0.000012 seconds.
  path: Assets/IMAGES/Red/R_5.png
  artifactKey: Guid(1856e30b943911e41b3f504888825a86) Importer(815301076,1909f56bfc062723c751e8b465ee728b)
Number of updated assets reloaded before import = 0
Start importing Assets/IMAGES/Red/R_5.png using Guid(1856e30b943911e41b3f504888825a86) Importer(815301076,1909f56bfc062723c751e8b465ee728b)  -> (artifact id: '1ac9c2321c77e282045e7ee24a7cbb24') in 0.022695 seconds 
Number of asset objects unloaded after import = 3
========================================================================
Received Import Request.
  Time since last request: 0.000017 seconds.
  path: Assets/IMAGES/Red/R_2 S.png
  artifactKey: Guid(1a12ace0b0076974c9ec8937328ea361) Importer(815301076,1909f56bfc062723c751e8b465ee728b)
Number of updated assets reloaded before import = 0
Start importing Assets/IMAGES/Red/R_2 S.png using Guid(1a12ace0b0076974c9ec8937328ea361) Importer(815301076,1909f56bfc062723c751e8b465ee728b)  -> (artifact id: '5d4c31a806654fea75bbf19f8b256939') in 0.025915 seconds 
Number of asset objects unloaded after import = 3
========================================================================
Received Import Request.
  Time since last request: 0.000016 seconds.
  path: Assets/IMAGES/Orange/polygon pylon-23.png
  artifactKey: Guid(23168b5c78859a547bead4b9bc50500f) Importer(815301076,1909f56bfc062723c751e8b465ee728b)
Number of updated assets reloaded before import = 0
Start importing Assets/IMAGES/Orange/polygon pylon-23.png using Guid(23168b5c78859a547bead4b9bc50500f) Importer(815301076,1909f56bfc062723c751e8b465ee728b)  -> (artifact id: '6fefc055a0a9a740d282997d17a7e52a') in 0.041169 seconds 
Number of asset objects unloaded after import = 3
========================================================================
Received Import Request.
  Time since last request: 0.000014 seconds.
  path: Assets/IMAGES/NewBack 4.png
  artifactKey: Guid(e7fef348156274514b52103e9615690d) Importer(815301076,1909f56bfc062723c751e8b465ee728b)
Number of updated assets reloaded before import = 0
Start importing Assets/IMAGES/NewBack 4.png using Guid(e7fef348156274514b52103e9615690d) Importer(815301076,1909f56bfc062723c751e8b465ee728b)  -> (artifact id: 'e045f5dfc8739f8381d8300c556bf25b') in 0.107961 seconds 
Number of asset objects unloaded after import = 3
========================================================================
Received Import Request.
  Time since last request: 0.000017 seconds.
  path: Assets/IMAGES/Circle.png
  artifactKey: Guid(4b5d91e30864e4b50bbed5d99673418e) Importer(815301076,1909f56bfc062723c751e8b465ee728b)
Number of updated assets reloaded before import = 0
Start importing Assets/IMAGES/Circle.png using Guid(4b5d91e30864e4b50bbed5d99673418e) Importer(815301076,1909f56bfc062723c751e8b465ee728b)  -> (artifact id: 'e0a29494310d1f5d70e4ac3d1e2fb1e2') in 0.018417 seconds 
Number of asset objects unloaded after import = 3
========================================================================
Received Import Request.
  Time since last request: 0.000022 seconds.
  path: Assets/IMAGES/Green/Green Triangle.png
  artifactKey: Guid(1a68520838adb45e6ace7822b6f0b52a) Importer(815301076,1909f56bfc062723c751e8b465ee728b)
Number of updated assets reloaded before import = 0
Start importing Assets/IMAGES/Green/Green Triangle.png using Guid(1a68520838adb45e6ace7822b6f0b52a) Importer(815301076,1909f56bfc062723c751e8b465ee728b)  -> (artifact id: '1f7cae6ff38ebacaa718577416b07abf') in 0.023311 seconds 
Number of asset objects unloaded after import = 3
========================================================================
Received Import Request.
  Time since last request: 0.000015 seconds.
  path: Assets/IMAGES/Orange/Dot NS-30.png
  artifactKey: Guid(559885a0e98315d47a9f6dc94945c793) Importer(815301076,1909f56bfc062723c751e8b465ee728b)
Number of updated assets reloaded before import = 0
Start importing Assets/IMAGES/Orange/Dot NS-30.png using Guid(559885a0e98315d47a9f6dc94945c793) Importer(815301076,1909f56bfc062723c751e8b465ee728b)  -> (artifact id: 'ccd473887382f8311f2ac3fae523bbbf') in 0.016601 seconds 
Number of asset objects unloaded after import = 3
========================================================================
Received Import Request.
  Time since last request: 0.000013 seconds.
  path: Assets/IMAGES/Blue/Circle transparent-27.png
  artifactKey: Guid(0840506bac0dc16459ee3a66a724a2c9) Importer(815301076,1909f56bfc062723c751e8b465ee728b)
Number of updated assets reloaded before import = 0
Start importing Assets/IMAGES/Blue/Circle transparent-27.png using Guid(0840506bac0dc16459ee3a66a724a2c9) Importer(815301076,1909f56bfc062723c751e8b465ee728b)  -> (artifact id: '887eecfe22b71beecaeb8e1d41589fb6') in 0.056520 seconds 
Number of asset objects unloaded after import = 3
========================================================================
Received Import Request.
  Time since last request: 0.000013 seconds.
  path: Assets/IMAGES/New.png
  artifactKey: Guid(2d955273e90f5424b8a3bcc753c7770b) Importer(815301076,1909f56bfc062723c751e8b465ee728b)
Number of updated assets reloaded before import = 0
Start importing Assets/IMAGES/New.png using Guid(2d955273e90f5424b8a3bcc753c7770b) Importer(815301076,1909f56bfc062723c751e8b465ee728b)  -> (artifact id: 'aaee6e9d6e56aa892e0bda9dda946797') in 0.046572 seconds 
Number of asset objects unloaded after import = 3
========================================================================
Received Import Request.
  Time since last request: 0.000014 seconds.
  path: Assets/IMAGES/Orange/Diamond2.png
  artifactKey: Guid(152c2d7e755d5b04ea7aa94bded7c952) Importer(815301076,1909f56bfc062723c751e8b465ee728b)
Number of updated assets reloaded before import = 0
Start importing Assets/IMAGES/Orange/Diamond2.png using Guid(152c2d7e755d5b04ea7aa94bded7c952) Importer(815301076,1909f56bfc062723c751e8b465ee728b)  -> (artifact id: '29cfa720ffe1ddc810e76884578c2fcb') in 0.044975 seconds 
Number of asset objects unloaded after import = 3
========================================================================
Received Import Request.
  Time since last request: 0.000016 seconds.
  path: Assets/IMAGES/menu elements/Play.png
  artifactKey: Guid(c226516206b4c4f3bbf75707cb02a6b9) Importer(815301076,1909f56bfc062723c751e8b465ee728b)
Number of updated assets reloaded before import = 0
Start importing Assets/IMAGES/menu elements/Play.png using Guid(c226516206b4c4f3bbf75707cb02a6b9) Importer(815301076,1909f56bfc062723c751e8b465ee728b)  -> (artifact id: '630f50bddd1ae34a0bed705df87a8d96') in 0.039642 seconds 
Number of asset objects unloaded after import = 3
========================================================================
Received Import Request.
  Time since last request: 0.000015 seconds.
  path: Assets/IMAGES/Blue/Little Square.png
  artifactKey: Guid(da05fe3079fdc47de82e96d5c78c4135) Importer(815301076,1909f56bfc062723c751e8b465ee728b)
Number of updated assets reloaded before import = 0
Start importing Assets/IMAGES/Blue/Little Square.png using Guid(da05fe3079fdc47de82e96d5c78c4135) Importer(815301076,1909f56bfc062723c751e8b465ee728b)  -> (artifact id: '0413d64dbd534ce6ca573187f9cd098f') in 0.029866 seconds 
Number of asset objects unloaded after import = 3
========================================================================
Received Import Request.
  Time since last request: 0.000023 seconds.
  path: Assets/IMAGES/Blue/Polygon-26.png
  artifactKey: Guid(f7a3f95fed634364c94d896d40c62b4b) Importer(815301076,1909f56bfc062723c751e8b465ee728b)
Number of updated assets reloaded before import = 0
Start importing Assets/IMAGES/Blue/Polygon-26.png using Guid(f7a3f95fed634364c94d896d40c62b4b) Importer(815301076,1909f56bfc062723c751e8b465ee728b)  -> (artifact id: 'f403b76a227463be485d560d63052525') in 0.043453 seconds 
Number of asset objects unloaded after import = 3
========================================================================
Received Import Request.
  Time since last request: 0.000013 seconds.
  path: Assets/IMAGES/Orange/7.png
  artifactKey: Guid(8d0c1d987a8c14e099d893805061564d) Importer(815301076,1909f56bfc062723c751e8b465ee728b)
Number of updated assets reloaded before import = 0
Start importing Assets/IMAGES/Orange/7.png using Guid(8d0c1d987a8c14e099d893805061564d) Importer(815301076,1909f56bfc062723c751e8b465ee728b)  -> (artifact id: '42e8343daf12d27903c3d9d96d317d12') in 0.017389 seconds 
Number of asset objects unloaded after import = 3
========================================================================
Received Import Request.
  Time since last request: 0.000014 seconds.
  path: Assets/IMAGES/Blue/Blue Obstacles-15.png
  artifactKey: Guid(c6d8f5c1e4c3a450ba5f18ae07e9c913) Importer(815301076,1909f56bfc062723c751e8b465ee728b)
Number of updated assets reloaded before import = 0
Start importing Assets/IMAGES/Blue/Blue Obstacles-15.png using Guid(c6d8f5c1e4c3a450ba5f18ae07e9c913) Importer(815301076,1909f56bfc062723c751e8b465ee728b)  -> (artifact id: '11ca21edbcc5182a5053212c8dbfa9f5') in 0.038473 seconds 
Number of asset objects unloaded after import = 3
========================================================================
Received Import Request.
  Time since last request: 0.000013 seconds.
  path: Assets/IMAGES/Orange/2.png
  artifactKey: Guid(c1f238b22310f499eb48085b588b69e7) Importer(815301076,1909f56bfc062723c751e8b465ee728b)
Number of updated assets reloaded before import = 0
Start importing Assets/IMAGES/Orange/2.png using Guid(c1f238b22310f499eb48085b588b69e7) Importer(815301076,1909f56bfc062723c751e8b465ee728b)  -> (artifact id: '4127686b23706ac1f6b412b53cb0e44d') in 0.019731 seconds 
Number of asset objects unloaded after import = 3
========================================================================
Received Import Request.
  Time since last request: 0.000017 seconds.
  path: Assets/IMAGES/Blue/Box Left.png
  artifactKey: Guid(55511ab5d8f2d4867b43bd599bf3b53c) Importer(815301076,1909f56bfc062723c751e8b465ee728b)
Number of updated assets reloaded before import = 0
Start importing Assets/IMAGES/Blue/Box Left.png using Guid(55511ab5d8f2d4867b43bd599bf3b53c) Importer(815301076,1909f56bfc062723c751e8b465ee728b)  -> (artifact id: '1b2885b7e5d896f6dbba54a1e55bbc61') in 0.020613 seconds 
Number of asset objects unloaded after import = 3
========================================================================
Received Import Request.
  Time since last request: 0.000013 seconds.
  path: Assets/IMAGES/Orange/Box inside.png
  artifactKey: Guid(68fb0c84ba5314761bb150afe6274d13) Importer(815301076,1909f56bfc062723c751e8b465ee728b)
Number of updated assets reloaded before import = 0
Start importing Assets/IMAGES/Orange/Box inside.png using Guid(68fb0c84ba5314761bb150afe6274d13) Importer(815301076,1909f56bfc062723c751e8b465ee728b)  -> (artifact id: 'c5235f8c27ffb69f9bbcb46a9ddf87d9') in 0.028992 seconds 
Number of asset objects unloaded after import = 3
========================================================================
Received Import Request.
  Time since last request: 0.000014 seconds.
  path: Assets/IMAGES/Green/3.png
  artifactKey: Guid(2a2fce0f4f7b74c87900c1f1b5e25ea3) Importer(815301076,1909f56bfc062723c751e8b465ee728b)
Number of updated assets reloaded before import = 0
Start importing Assets/IMAGES/Green/3.png using Guid(2a2fce0f4f7b74c87900c1f1b5e25ea3) Importer(815301076,1909f56bfc062723c751e8b465ee728b)  -> (artifact id: '6b4ce2aa2030ed4006ac36ad8f001123') in 0.018309 seconds 
Number of asset objects unloaded after import = 3
========================================================================
Received Import Request.
  Time since last request: 0.000013 seconds.
  path: Assets/IMAGES/4 colors.png
  artifactKey: Guid(085d17bbec2794d87bd51a20cfc2bf28) Importer(815301076,1909f56bfc062723c751e8b465ee728b)
Number of updated assets reloaded before import = 0
Start importing Assets/IMAGES/4 colors.png using Guid(085d17bbec2794d87bd51a20cfc2bf28) Importer(815301076,1909f56bfc062723c751e8b465ee728b)  -> (artifact id: '62be361ca9461be426a9b5308f10854a') in 0.073181 seconds 
Number of asset objects unloaded after import = 3
========================================================================
Received Import Request.
  Time since last request: 0.000017 seconds.
  path: Assets/IMAGES/Blue/2.png
  artifactKey: Guid(26cb46adf56674964a2339a2f5d78fd5) Importer(815301076,1909f56bfc062723c751e8b465ee728b)
Number of updated assets reloaded before import = 0
Start importing Assets/IMAGES/Blue/2.png using Guid(26cb46adf56674964a2339a2f5d78fd5) Importer(815301076,1909f56bfc062723c751e8b465ee728b)  -> (artifact id: 'f44b59aac7da81b87cba65c13ff60f0c') in 0.017956 seconds 
Number of asset objects unloaded after import = 3
========================================================================
Received Import Request.
  Time since last request: 0.000037 seconds.
  path: Assets/IMAGES/Blue/4.png
  artifactKey: Guid(78d3cf3a4a7704f189dce559945e47e9) Importer(815301076,1909f56bfc062723c751e8b465ee728b)
Number of updated assets reloaded before import = 0
Start importing Assets/IMAGES/Blue/4.png using Guid(78d3cf3a4a7704f189dce559945e47e9) Importer(815301076,1909f56bfc062723c751e8b465ee728b)  -> (artifact id: '721bba2dc4e3e387fc4a0a28a52d573f') in 0.019432 seconds 
Number of asset objects unloaded after import = 3
========================================================================
Received Import Request.
  Time since last request: 0.000014 seconds.
  path: Assets/IMAGES/Blue/1.png
  artifactKey: Guid(3070e5ade151e4926a681ccea96cabc3) Importer(815301076,1909f56bfc062723c751e8b465ee728b)
Number of updated assets reloaded before import = 0
Start importing Assets/IMAGES/Blue/1.png using Guid(3070e5ade151e4926a681ccea96cabc3) Importer(815301076,1909f56bfc062723c751e8b465ee728b)  -> (artifact id: 'e1a0e11d0d7a65e90e93e9783b2eeeb5') in 0.017318 seconds 
Number of asset objects unloaded after import = 3
========================================================================
Received Import Request.
  Time since last request: 0.000013 seconds.
  path: Assets/IMAGES/Red/R_6  S.png
  artifactKey: Guid(f4a2ea109009e4146a44ee234ada9bd0) Importer(815301076,1909f56bfc062723c751e8b465ee728b)
Number of updated assets reloaded before import = 0
Start importing Assets/IMAGES/Red/R_6  S.png using Guid(f4a2ea109009e4146a44ee234ada9bd0) Importer(815301076,1909f56bfc062723c751e8b465ee728b)  -> (artifact id: '8568ceecd609e6237869a08c972788ab') in 0.016836 seconds 
Number of asset objects unloaded after import = 3
========================================================================
Received Import Request.
  Time since last request: 0.000034 seconds.
  path: Assets/Plugins/Pixelplacement/iTween/Images/iTweenNews.png
  artifactKey: Guid(69f9e1d128e6f8b42b1d307270b133a4) Importer(815301076,1909f56bfc062723c751e8b465ee728b)
Number of updated assets reloaded before import = 0
Start importing Assets/Plugins/Pixelplacement/iTween/Images/iTweenNews.png using Guid(69f9e1d128e6f8b42b1d307270b133a4) Importer(815301076,1909f56bfc062723c751e8b465ee728b)  -> (artifact id: '9ad7437ac4511d8a2f4c9bb69615a7fe') in 0.097087 seconds 
Number of asset objects unloaded after import = 3
========================================================================
Received Import Request.
  Time since last request: 0.000013 seconds.
  path: Assets/IMAGES/Red/R_2.png
  artifactKey: Guid(d35f03b14287b974f8787f59adc28d99) Importer(815301076,1909f56bfc062723c751e8b465ee728b)
Number of updated assets reloaded before import = 0
Start importing Assets/IMAGES/Red/R_2.png using Guid(d35f03b14287b974f8787f59adc28d99) Importer(815301076,1909f56bfc062723c751e8b465ee728b)  -> (artifact id: '070e6973150c9e6d29f5a79b8c01eecc') in 0.019304 seconds 
Number of asset objects unloaded after import = 3
========================================================================
Received Import Request.
  Time since last request: 0.000013 seconds.
  path: Assets/IMAGES/Game Over/Leaderboard.png
  artifactKey: Guid(c4aadcd9ee23c4e6ca2c4178491a7042) Importer(815301076,1909f56bfc062723c751e8b465ee728b)
Number of updated assets reloaded before import = 0
Start importing Assets/IMAGES/Game Over/Leaderboard.png using Guid(c4aadcd9ee23c4e6ca2c4178491a7042) Importer(815301076,1909f56bfc062723c751e8b465ee728b)  -> (artifact id: '5716f3d8072bc9e5d3f8e9ceca3a4023') in 0.022178 seconds 
Number of asset objects unloaded after import = 3
========================================================================
Received Import Request.
  Time since last request: 0.000012 seconds.
  path: Assets/IMAGES/Green/4.png
  artifactKey: Guid(addbbdf25dcc24186990347e98bdd19a) Importer(815301076,1909f56bfc062723c751e8b465ee728b)
Number of updated assets reloaded before import = 0
Start importing Assets/IMAGES/Green/4.png using Guid(addbbdf25dcc24186990347e98bdd19a) Importer(815301076,1909f56bfc062723c751e8b465ee728b)  -> (artifact id: 'bc358280671899a2f78a0ca87ec36ddf') in 0.018572 seconds 
Number of asset objects unloaded after import = 3
========================================================================
Received Import Request.
  Time since last request: 0.000016 seconds.
  path: Assets/IMAGES/Green/6.png
  artifactKey: Guid(5179ce7f7e3274e1a8e4941c9c4c3b50) Importer(815301076,1909f56bfc062723c751e8b465ee728b)
Number of updated assets reloaded before import = 0
Start importing Assets/IMAGES/Green/6.png using Guid(5179ce7f7e3274e1a8e4941c9c4c3b50) Importer(815301076,1909f56bfc062723c751e8b465ee728b)  -> (artifact id: 'ad32a60697ae2437b8853e069f962b9a') in 0.018841 seconds 
Number of asset objects unloaded after import = 3
========================================================================
Received Import Request.
  Time since last request: 0.000020 seconds.
  path: Assets/IMAGES/Green/7.png
  artifactKey: Guid(4ac4b31dc0581465bb6a49fe9e517bf5) Importer(815301076,1909f56bfc062723c751e8b465ee728b)
Number of updated assets reloaded before import = 0
Start importing Assets/IMAGES/Green/7.png using Guid(4ac4b31dc0581465bb6a49fe9e517bf5) Importer(815301076,1909f56bfc062723c751e8b465ee728b)  -> (artifact id: '3b742e8f8b1d55aad4ad32cee8afeffb') in 0.016973 seconds 
Number of asset objects unloaded after import = 3
========================================================================
Received Import Request.
  Time since last request: 0.000013 seconds.
  path: Assets/IMAGES/Background 1 1024x768 .png
  artifactKey: Guid(020f8f203286ef34dbf9315bb2f13905) Importer(815301076,1909f56bfc062723c751e8b465ee728b)
Number of updated assets reloaded before import = 0
Start importing Assets/IMAGES/Background 1 1024x768 .png using Guid(020f8f203286ef34dbf9315bb2f13905) Importer(815301076,1909f56bfc062723c751e8b465ee728b)  -> (artifact id: '805b0db14789237da9d7bbd452ffba9b') in 0.055351 seconds 
Number of asset objects unloaded after import = 3
========================================================================
Received Import Request.
  Time since last request: 0.000013 seconds.
  path: Assets/IMAGES/Orange/Open square.png
  artifactKey: Guid(f1ea06908710f467cb7384cdb1d5c2d0) Importer(815301076,1909f56bfc062723c751e8b465ee728b)
Number of updated assets reloaded before import = 0
Start importing Assets/IMAGES/Orange/Open square.png using Guid(f1ea06908710f467cb7384cdb1d5c2d0) Importer(815301076,1909f56bfc062723c751e8b465ee728b)  -> (artifact id: 'ebaf40d93eab3f61b8701d10ca88b79f') in 0.090877 seconds 
Number of asset objects unloaded after import = 3
========================================================================
Received Import Request.
  Time since last request: 0.000016 seconds.
  path: Assets/IMAGES/Orange/4.png
  artifactKey: Guid(fd0d89b918f0a4dabb54c058c63c831a) Importer(815301076,1909f56bfc062723c751e8b465ee728b)
Number of updated assets reloaded before import = 0
Start importing Assets/IMAGES/Orange/4.png using Guid(fd0d89b918f0a4dabb54c058c63c831a) Importer(815301076,1909f56bfc062723c751e8b465ee728b)  -> (artifact id: '9e6fc032f740cc02d5ffc6558a3c0b4e') in 0.023098 seconds 
Number of asset objects unloaded after import = 3
========================================================================
Received Import Request.
  Time since last request: 0.000879 seconds.
  path: Assets/IMAGES/Blue/Dot.png
  artifactKey: Guid(4c966cbb9f6d54aebb11c16ab93e5dfd) Importer(815301076,1909f56bfc062723c751e8b465ee728b)
Number of updated assets reloaded before import = 0
Start importing Assets/IMAGES/Blue/Dot.png using Guid(4c966cbb9f6d54aebb11c16ab93e5dfd) Importer(815301076,1909f56bfc062723c751e8b465ee728b)  -> (artifact id: 'bb3feb57f868a690bbe92239d9e29459') in 0.017148 seconds 
Number of asset objects unloaded after import = 3
========================================================================
Received Import Request.
  Time since last request: 0.000016 seconds.
  path: Assets/IMAGES/Orange/key-left.png
  artifactKey: Guid(b6b9170089168b147bf37a843ea6ff66) Importer(815301076,1909f56bfc062723c751e8b465ee728b)
Number of updated assets reloaded before import = 0
Start importing Assets/IMAGES/Orange/key-left.png using Guid(b6b9170089168b147bf37a843ea6ff66) Importer(815301076,1909f56bfc062723c751e8b465ee728b)  -> (artifact id: 'e7d269dfd6e3af0d69c1393dcc38dfb8') in 0.036419 seconds 
Number of asset objects unloaded after import = 3
========================================================================
Received Import Request.
  Time since last request: 0.000021 seconds.
  path: Assets/IMAGES/Blue/Left obstacl.png
  artifactKey: Guid(23a283f3abd3142d98f59c47487ce033) Importer(815301076,1909f56bfc062723c751e8b465ee728b)
Number of updated assets reloaded before import = 0
Start importing Assets/IMAGES/Blue/Left obstacl.png using Guid(23a283f3abd3142d98f59c47487ce033) Importer(815301076,1909f56bfc062723c751e8b465ee728b)  -> (artifact id: '0e796647464f671a866eb089447e3641') in 0.034591 seconds 
Number of asset objects unloaded after import = 3
========================================================================
Received Import Request.
  Time since last request: 0.000015 seconds.
  path: Assets/IMAGES/Orange/key-right.png
  artifactKey: Guid(70dd21172c11b6242a5a6d304d0c6bb7) Importer(815301076,1909f56bfc062723c751e8b465ee728b)
Number of updated assets reloaded before import = 0
Start importing Assets/IMAGES/Orange/key-right.png using Guid(70dd21172c11b6242a5a6d304d0c6bb7) Importer(815301076,1909f56bfc062723c751e8b465ee728b)  -> (artifact id: '66ed57b2d74c15150bd4e26b1718f2b4') in 0.035202 seconds 
Number of asset objects unloaded after import = 3
========================================================================
Received Import Request.
  Time since last request: 0.000017 seconds.
  path: Assets/IMAGES/Orange/Little Square.png
  artifactKey: Guid(bbd83ed43c85f4d44889456bd19ae8bd) Importer(815301076,1909f56bfc062723c751e8b465ee728b)
Number of updated assets reloaded before import = 0
Start importing Assets/IMAGES/Orange/Little Square.png using Guid(bbd83ed43c85f4d44889456bd19ae8bd) Importer(815301076,1909f56bfc062723c751e8b465ee728b)  -> (artifact id: 'bbe43ab740b368f9bd07078965498ae2') in 0.031521 seconds 
Number of asset objects unloaded after import = 3
========================================================================
Received Import Request.
  Time since last request: 0.000018 seconds.
  path: Assets/IMAGES/Blue/3.png
  artifactKey: Guid(80970513d65944a6aa8250a901a42f4f) Importer(815301076,1909f56bfc062723c751e8b465ee728b)
Number of updated assets reloaded before import = 0
Start importing Assets/IMAGES/Blue/3.png using Guid(80970513d65944a6aa8250a901a42f4f) Importer(815301076,1909f56bfc062723c751e8b465ee728b)  -> (artifact id: 'f0afaf4bcfdb31ec3cd8723150ecff97') in 0.020830 seconds 
Number of asset objects unloaded after import = 3
========================================================================
Received Import Request.
  Time since last request: 0.000013 seconds.
  path: Assets/IMAGES/Orange/1.png
  artifactKey: Guid(cba1bc419d45942fa8eff80aef9af920) Importer(815301076,1909f56bfc062723c751e8b465ee728b)
Number of updated assets reloaded before import = 0
Start importing Assets/IMAGES/Orange/1.png using Guid(cba1bc419d45942fa8eff80aef9af920) Importer(815301076,1909f56bfc062723c751e8b465ee728b)  -> (artifact id: '6cf9ea5d2254a1d8aecf267a9f96e2f3') in 0.019135 seconds 
Number of asset objects unloaded after import = 3
========================================================================
Received Import Request.
  Time since last request: 0.000016 seconds.
  path: Assets/IMAGES/Red/R_4 S.png
  artifactKey: Guid(5fdcc75e769d29c4683b066a1740160f) Importer(815301076,1909f56bfc062723c751e8b465ee728b)
Number of updated assets reloaded before import = 0
Start importing Assets/IMAGES/Red/R_4 S.png using Guid(5fdcc75e769d29c4683b066a1740160f) Importer(815301076,1909f56bfc062723c751e8b465ee728b)  -> (artifact id: '8f7dd81fee7a8a788c05f35153b3e19f') in 0.019277 seconds 
Number of asset objects unloaded after import = 3
========================================================================
Received Import Request.
  Time since last request: 0.000012 seconds.
  path: Assets/IMAGES/Green/Key Left.png
  artifactKey: Guid(bbe1404ad414c4d728e83ceeadfafb8f) Importer(815301076,1909f56bfc062723c751e8b465ee728b)
Number of updated assets reloaded before import = 0
Start importing Assets/IMAGES/Green/Key Left.png using Guid(bbe1404ad414c4d728e83ceeadfafb8f) Importer(815301076,1909f56bfc062723c751e8b465ee728b)  -> (artifact id: 'e2c431e4b3d6c1170a69c2c7290fb356') in 0.025716 seconds 
Number of asset objects unloaded after import = 3
========================================================================
Received Import Request.
  Time since last request: 0.000016 seconds.
  path: Assets/IMAGES/Orange/Left Triangle.png
  artifactKey: Guid(64963dd68465afc448c6642d902036c4) Importer(815301076,1909f56bfc062723c751e8b465ee728b)
Number of updated assets reloaded before import = 0
Start importing Assets/IMAGES/Orange/Left Triangle.png using Guid(64963dd68465afc448c6642d902036c4) Importer(815301076,1909f56bfc062723c751e8b465ee728b)  -> (artifact id: '1d45ebc2c7468ffd3af00167778225f2') in 0.032152 seconds 
Number of asset objects unloaded after import = 3
========================================================================
Received Import Request.
  Time since last request: 0.000021 seconds.
  path: Assets/IMAGES/Blue/Open circle 1.png
  artifactKey: Guid(560efac06fefe42c7bd0a6a79ce739d7) Importer(815301076,1909f56bfc062723c751e8b465ee728b)
Number of updated assets reloaded before import = 0
Start importing Assets/IMAGES/Blue/Open circle 1.png using Guid(560efac06fefe42c7bd0a6a79ce739d7) Importer(815301076,1909f56bfc062723c751e8b465ee728b)  -> (artifact id: 'a3ca7bc58b329bc23ea77f43998a851f') in 0.024760 seconds 
Number of asset objects unloaded after import = 3
========================================================================
Received Import Request.
  Time since last request: 0.000023 seconds.
  path: Assets/IMAGES/Orange/3.png
  artifactKey: Guid(6d6ccbbe459194b2890bf5e88445c58b) Importer(815301076,1909f56bfc062723c751e8b465ee728b)
Number of updated assets reloaded before import = 0
Start importing Assets/IMAGES/Orange/3.png using Guid(6d6ccbbe459194b2890bf5e88445c58b) Importer(815301076,1909f56bfc062723c751e8b465ee728b)  -> (artifact id: 'e727ebfd0d18dc96d35d03ce04ea1200') in 0.017602 seconds 
Number of asset objects unloaded after import = 3
========================================================================
Received Import Request.
  Time since last request: 0.000028 seconds.
  path: Assets/IMAGES/Orange/Circle Obstacles-18.png
  artifactKey: Guid(ef5ddb29fd998465eb6a968cff678761) Importer(815301076,1909f56bfc062723c751e8b465ee728b)
Number of updated assets reloaded before import = 0
Start importing Assets/IMAGES/Orange/Circle Obstacles-18.png using Guid(ef5ddb29fd998465eb6a968cff678761) Importer(815301076,1909f56bfc062723c751e8b465ee728b)  -> (artifact id: '544b89cfb99b603bf87ea4ef9e9c210d') in 0.037606 seconds 
Number of asset objects unloaded after import = 3
========================================================================
Received Import Request.
  Time since last request: 1124.326945 seconds.
  path: Assets/PlayMaker/Editor/Watermarks/Alien.png
  artifactKey: Guid(24dda0ac7b175944f8968586045fbe32) Importer(815301076,1909f56bfc062723c751e8b465ee728b)
Number of updated assets reloaded before import = 0
Start importing Assets/PlayMaker/Editor/Watermarks/Alien.png using Guid(24dda0ac7b175944f8968586045fbe32) Importer(815301076,1909f56bfc062723c751e8b465ee728b)  -> (artifact id: '3e1a869ff3093d4377cab022370d6a27') in 0.022004 seconds 
Number of asset objects unloaded after import = 2
========================================================================
Received Import Request.
  Time since last request: 0.000018 seconds.
  path: Assets/PlayMaker/Editor/Watermarks/Dazzle.png
  artifactKey: Guid(3e872e3452d8cf04aa5ac4b31e442167) Importer(815301076,1909f56bfc062723c751e8b465ee728b)
Number of updated assets reloaded before import = 0
Start importing Assets/PlayMaker/Editor/Watermarks/Dazzle.png using Guid(3e872e3452d8cf04aa5ac4b31e442167) Importer(815301076,1909f56bfc062723c751e8b465ee728b)  -> (artifact id: 'c7416d3f59268cf32a236f9a45cca825') in 0.019151 seconds 
Number of asset objects unloaded after import = 2
========================================================================
Received Import Request.
  Time since last request: 0.000015 seconds.
  path: Assets/PlayMaker/Editor/Resources/linkCheck.png
  artifactKey: Guid(6ce904115a7da9647b3f1c81a9884220) Importer(815301076,1909f56bfc062723c751e8b465ee728b)
Number of updated assets reloaded before import = 0
Start importing Assets/PlayMaker/Editor/Resources/linkCheck.png using Guid(6ce904115a7da9647b3f1c81a9884220) Importer(815301076,1909f56bfc062723c751e8b465ee728b)  -> (artifact id: 'c9fcf08db8c7b0b0600c8769b7898185') in 0.022335 seconds 
Number of asset objects unloaded after import = 2
========================================================================
Received Import Request.
  Time since last request: 0.000017 seconds.
  path: Assets/PlayMaker/Editor/Resources/linkForums.png
  artifactKey: Guid(1f42c8e9076b1c04297aee75ba4c08ef) Importer(815301076,1909f56bfc062723c751e8b465ee728b)
Number of updated assets reloaded before import = 0
Start importing Assets/PlayMaker/Editor/Resources/linkForums.png using Guid(1f42c8e9076b1c04297aee75ba4c08ef) Importer(815301076,1909f56bfc062723c751e8b465ee728b)  -> (artifact id: 'e6190f27fcdd238a911890ce0a5a59fb') in 0.016123 seconds 
Number of asset objects unloaded after import = 2
========================================================================
Received Import Request.
  Time since last request: 0.000015 seconds.
  path: Assets/PlayMaker/Editor/Resources/linkAddons.png
  artifactKey: Guid(f06fcb30f18e9c446afa65d01a0546aa) Importer(815301076,1909f56bfc062723c751e8b465ee728b)
Number of updated assets reloaded before import = 0
Start importing Assets/PlayMaker/Editor/Resources/linkAddons.png using Guid(f06fcb30f18e9c446afa65d01a0546aa) Importer(815301076,1909f56bfc062723c751e8b465ee728b)  -> (artifact id: '573f6e5290fb06e70f2422f6d486184d') in 0.019414 seconds 
Number of asset objects unloaded after import = 2
========================================================================
Received Import Request.
  Time since last request: 0.000018 seconds.
  path: Assets/PlayMaker/Editor/Watermarks/Download.png
  artifactKey: Guid(d80f9af5080f82042a9fa0ca83cd7e30) Importer(815301076,1909f56bfc062723c751e8b465ee728b)
Number of updated assets reloaded before import = 0
Start importing Assets/PlayMaker/Editor/Watermarks/Download.png using Guid(d80f9af5080f82042a9fa0ca83cd7e30) Importer(815301076,1909f56bfc062723c751e8b465ee728b)  -> (artifact id: '6f5767b0917fef9250210d563b544f5c') in 0.018127 seconds 
Number of asset objects unloaded after import = 2
========================================================================
Received Import Request.
  Time since last request: 0.000017 seconds.
  path: Assets/PlayMaker/Editor/Watermarks/DoorLock.png
  artifactKey: Guid(c5145280bf0673146831d14c10dd1f9f) Importer(815301076,1909f56bfc062723c751e8b465ee728b)
Number of updated assets reloaded before import = 0
Start importing Assets/PlayMaker/Editor/Watermarks/DoorLock.png using Guid(c5145280bf0673146831d14c10dd1f9f) Importer(815301076,1909f56bfc062723c751e8b465ee728b)  -> (artifact id: '642ea069d86748a3062eb36880927c43') in 0.015952 seconds 
Number of asset objects unloaded after import = 2
========================================================================
Received Import Request.
  Time since last request: 0.000023 seconds.
  path: Assets/PlayMaker/Editor/Resources/linkUpdate@2x.png
  artifactKey: Guid(631211158f370c34abcb39fa2f482695) Importer(815301076,1909f56bfc062723c751e8b465ee728b)
Number of updated assets reloaded before import = 0
Start importing Assets/PlayMaker/Editor/Resources/linkUpdate@2x.png using Guid(631211158f370c34abcb39fa2f482695) Importer(815301076,1909f56bfc062723c751e8b465ee728b)  -> (artifact id: '52d24974cd7c38115e25b14102606713') in 0.016778 seconds 
Number of asset objects unloaded after import = 2
========================================================================
Received Import Request.
  Time since last request: 0.000017 seconds.
  path: Assets/PlayMaker/Editor/Resources/linkVideos.png
  artifactKey: Guid(be820321bac88af4a8ffb854af44fa57) Importer(815301076,1909f56bfc062723c751e8b465ee728b)
Number of updated assets reloaded before import = 0
Start importing Assets/PlayMaker/Editor/Resources/linkVideos.png using Guid(be820321bac88af4a8ffb854af44fa57) Importer(815301076,1909f56bfc062723c751e8b465ee728b)  -> (artifact id: '700a6e012eb3cea8d1a61e3c61236487') in 0.016683 seconds 
Number of asset objects unloaded after import = 2
========================================================================
Received Import Request.
  Time since last request: 0.000012 seconds.
  path: Assets/PlayMaker/Editor/Resources/linkForums@2x.png
  artifactKey: Guid(f716b62d5869cbb4dbffc8f8cd64bf9b) Importer(815301076,1909f56bfc062723c751e8b465ee728b)
Number of updated assets reloaded before import = 0
Start importing Assets/PlayMaker/Editor/Resources/linkForums@2x.png using Guid(f716b62d5869cbb4dbffc8f8cd64bf9b) Importer(815301076,1909f56bfc062723c751e8b465ee728b)  -> (artifact id: '947c622907167d34762d961006705bf4') in 0.017120 seconds 
Number of asset objects unloaded after import = 2
========================================================================
Received Import Request.
  Time since last request: 0.000013 seconds.
  path: Assets/PlayMaker/Editor/Resources/linkAddons@2x.png
  artifactKey: Guid(f0231c27c93d1194985af0d9555385dc) Importer(815301076,1909f56bfc062723c751e8b465ee728b)
Number of updated assets reloaded before import = 0
Start importing Assets/PlayMaker/Editor/Resources/linkAddons@2x.png using Guid(f0231c27c93d1194985af0d9555385dc) Importer(815301076,1909f56bfc062723c751e8b465ee728b)  -> (artifact id: '35437d6038c332cb0baf8d55348708df') in 0.016381 seconds 
Number of asset objects unloaded after import = 2
========================================================================
Received Import Request.
  Time since last request: 0.000013 seconds.
  path: Assets/PlayMaker/Editor/Watermarks/Hourglass.png
  artifactKey: Guid(8d47ca498d459d64da7f40c4e0e6ebc1) Importer(815301076,1909f56bfc062723c751e8b465ee728b)
Number of updated assets reloaded before import = 0
Start importing Assets/PlayMaker/Editor/Watermarks/Hourglass.png using Guid(8d47ca498d459d64da7f40c4e0e6ebc1) Importer(815301076,1909f56bfc062723c751e8b465ee728b)  -> (artifact id: '64849033d230df6e957a7ea03a546f6c') in 0.016965 seconds 
Number of asset objects unloaded after import = 2
========================================================================
Received Import Request.
  Time since last request: 0.000016 seconds.
  path: Assets/PlayMaker/Editor/Watermarks/Crosshairs.png
  artifactKey: Guid(efb53602b01d8a14488b1124b167ec43) Importer(815301076,1909f56bfc062723c751e8b465ee728b)
Number of updated assets reloaded before import = 0
Start importing Assets/PlayMaker/Editor/Watermarks/Crosshairs.png using Guid(efb53602b01d8a14488b1124b167ec43) Importer(815301076,1909f56bfc062723c751e8b465ee728b)  -> (artifact id: '0a42a235119906a05ca294d0785978f9') in 0.017309 seconds 
Number of asset objects unloaded after import = 2
========================================================================
Received Import Request.
  Time since last request: 0.000013 seconds.
  path: Assets/Plugins/Easy Save 3/Editor/es3Logo16x16-bw.png
  artifactKey: Guid(3ae63f85ae558634d83caaf5a332d1ba) Importer(815301076,1909f56bfc062723c751e8b465ee728b)
Number of updated assets reloaded before import = 0
Start importing Assets/Plugins/Easy Save 3/Editor/es3Logo16x16-bw.png using Guid(3ae63f85ae558634d83caaf5a332d1ba) Importer(815301076,1909f56bfc062723c751e8b465ee728b)  -> (artifact id: '1dbf7a7e196be69e70122edba349e6ba') in 0.016738 seconds 
Number of asset objects unloaded after import = 2
========================================================================
Received Import Request.
  Time since last request: 0.000016 seconds.
  path: Assets/PlayMaker/Editor/Watermarks/Heart.png
  artifactKey: Guid(89e0806aa7a8e0c499ce3d53e19ab1bd) Importer(815301076,1909f56bfc062723c751e8b465ee728b)
Number of updated assets reloaded before import = 0
Start importing Assets/PlayMaker/Editor/Watermarks/Heart.png using Guid(89e0806aa7a8e0c499ce3d53e19ab1bd) Importer(815301076,1909f56bfc062723c751e8b465ee728b)  -> (artifact id: '8db95094671216a0dcf33b502cdf1fd7') in 0.019178 seconds 
Number of asset objects unloaded after import = 2
========================================================================
Received Import Request.
  Time since last request: 0.000018 seconds.
  path: Assets/PlayMaker/Editor/Resources/backButton@2x.png
  artifactKey: Guid(78246224f53948442a3906684a167289) Importer(815301076,1909f56bfc062723c751e8b465ee728b)
Number of updated assets reloaded before import = 0
Start importing Assets/PlayMaker/Editor/Resources/backButton@2x.png using Guid(78246224f53948442a3906684a167289) Importer(815301076,1909f56bfc062723c751e8b465ee728b)  -> (artifact id: 'da03f1e98623c305c96b3666d5481d97') in 0.018743 seconds 
Number of asset objects unloaded after import = 2
========================================================================
Received Import Request.
  Time since last request: 0.000015 seconds.
  path: Assets/PlayMaker/Editor/Watermarks/GUISlider.png
  artifactKey: Guid(dc6822d89dddd4741b77cc4b63547f35) Importer(815301076,1909f56bfc062723c751e8b465ee728b)
Number of updated assets reloaded before import = 0
Start importing Assets/PlayMaker/Editor/Watermarks/GUISlider.png using Guid(dc6822d89dddd4741b77cc4b63547f35) Importer(815301076,1909f56bfc062723c751e8b465ee728b)  -> (artifact id: 'd69f04ea799d9e4015cca80ac46607b9') in 0.021060 seconds 
Number of asset objects unloaded after import = 2
========================================================================
Received Import Request.
  Time since last request: 0.000017 seconds.
  path: Assets/Plugins/Easy Save 3/Editor/es3Logo16x16.png
  artifactKey: Guid(4697547d67ec24040b678d7b35835286) Importer(815301076,1909f56bfc062723c751e8b465ee728b)
Number of updated assets reloaded before import = 0
Start importing Assets/Plugins/Easy Save 3/Editor/es3Logo16x16.png using Guid(4697547d67ec24040b678d7b35835286) Importer(815301076,1909f56bfc062723c751e8b465ee728b)  -> (artifact id: 'ce358acd8ed706cc63459477bc715d1c') in 0.017978 seconds 
Number of asset objects unloaded after import = 2
========================================================================
Received Import Request.
  Time since last request: 0.000015 seconds.
  path: Assets/PlayMaker/Editor/Watermarks/ComboLock.png
  artifactKey: Guid(5bf966fb3b71a8a45a0ed828c86c6f38) Importer(815301076,1909f56bfc062723c751e8b465ee728b)
Number of updated assets reloaded before import = 0
Start importing Assets/PlayMaker/Editor/Watermarks/ComboLock.png using Guid(5bf966fb3b71a8a45a0ed828c86c6f38) Importer(815301076,1909f56bfc062723c751e8b465ee728b)  -> (artifact id: 'f242dc0442256a137e231fcc9f97a44c') in 0.019508 seconds 
Number of asset objects unloaded after import = 2
========================================================================
Received Import Request.
  Time since last request: 0.000018 seconds.
  path: Assets/PlayMaker/Editor/Watermarks/Info.png
  artifactKey: Guid(e916f404af82731418d593ba28c1d354) Importer(815301076,1909f56bfc062723c751e8b465ee728b)
Number of updated assets reloaded before import = 0
Start importing Assets/PlayMaker/Editor/Watermarks/Info.png using Guid(e916f404af82731418d593ba28c1d354) Importer(815301076,1909f56bfc062723c751e8b465ee728b)  -> (artifact id: 'be922568403a416a750870e10e761082') in 0.018767 seconds 
Number of asset objects unloaded after import = 2
========================================================================
Received Import Request.
  Time since last request: 0.000021 seconds.
  path: Assets/PlayMaker/Editor/Watermarks/LightningBolt.png
  artifactKey: Guid(c1c4109fb586c6343863b4077298090c) Importer(815301076,1909f56bfc062723c751e8b465ee728b)
Number of updated assets reloaded before import = 0
Start importing Assets/PlayMaker/Editor/Watermarks/LightningBolt.png using Guid(c1c4109fb586c6343863b4077298090c) Importer(815301076,1909f56bfc062723c751e8b465ee728b)  -> (artifact id: 'f8aa7ad15a86212739a1faca62b46e20') in 0.017258 seconds 
Number of asset objects unloaded after import = 2
========================================================================
Received Import Request.
  Time since last request: 0.000020 seconds.
  path: Assets/Fonts/pixelart.ttf
  artifactKey: Guid(2977f899e1b17fb4f87191e81c43f4c5) Importer(815301076,1909f56bfc062723c751e8b465ee728b)
Number of updated assets reloaded before import = 0
Start importing Assets/Fonts/pixelart.ttf using Guid(2977f899e1b17fb4f87191e81c43f4c5) Importer(815301076,1909f56bfc062723c751e8b465ee728b)  -> (artifact id: '898fc7000523f49d1ca2a3a263318d2a') in 0.050388 seconds 
Number of asset objects unloaded after import = 4
========================================================================
Received Import Request.
  Time since last request: 0.000020 seconds.
  path: Assets/PlayMaker/Editor/Watermarks/Dog.png
  artifactKey: Guid(662b000d02a94844cab8343d1fb50b61) Importer(815301076,1909f56bfc062723c751e8b465ee728b)
Number of updated assets reloaded before import = 0
Start importing Assets/PlayMaker/Editor/Watermarks/Dog.png using Guid(662b000d02a94844cab8343d1fb50b61) Importer(815301076,1909f56bfc062723c751e8b465ee728b)  -> (artifact id: '050a6b7807091e9b626a0d02c8439686') in 0.016177 seconds 
Number of asset objects unloaded after import = 2
========================================================================
Received Import Request.
  Time since last request: 0.000016 seconds.
  path: Assets/PlayMaker/Editor/Resources/linkDocs.png
  artifactKey: Guid(249f22c45e9765d4987844b99808d255) Importer(815301076,1909f56bfc062723c751e8b465ee728b)
Number of updated assets reloaded before import = 0
Start importing Assets/PlayMaker/Editor/Resources/linkDocs.png using Guid(249f22c45e9765d4987844b99808d255) Importer(815301076,1909f56bfc062723c751e8b465ee728b)  -> (artifact id: '1073e50a21170ee3f09c465f9709d0db') in 0.016688 seconds 
Number of asset objects unloaded after import = 2
========================================================================
Received Import Request.
  Time since last request: 0.000015 seconds.
  path: Assets/PlayMaker/Editor/Resources/backButton.png
  artifactKey: Guid(ac6641fa8d46a2d408fc356b1018cb57) Importer(815301076,1909f56bfc062723c751e8b465ee728b)
Number of updated assets reloaded before import = 0
Start importing Assets/PlayMaker/Editor/Resources/backButton.png using Guid(ac6641fa8d46a2d408fc356b1018cb57) Importer(815301076,1909f56bfc062723c751e8b465ee728b)  -> (artifact id: 'a3f31e7a0218e935c4426eba98d6b4c6') in 0.017751 seconds 
Number of asset objects unloaded after import = 2
========================================================================
Received Import Request.
  Time since last request: 0.000015 seconds.
  path: Assets/PlayMaker/Editor/Resources/linkUpdate.png
  artifactKey: Guid(a746940955f66294b8879cb693d53d35) Importer(815301076,1909f56bfc062723c751e8b465ee728b)
Number of updated assets reloaded before import = 0
Start importing Assets/PlayMaker/Editor/Resources/linkUpdate.png using Guid(a746940955f66294b8879cb693d53d35) Importer(815301076,1909f56bfc062723c751e8b465ee728b)  -> (artifact id: '9259fec96fbcd04c8f454219d83d1c7f') in 0.018154 seconds 
Number of asset objects unloaded after import = 2
========================================================================
Received Import Request.
  Time since last request: 0.000015 seconds.
  path: Assets/PlayMaker/Editor/Resources/linkSamples@2x.png
  artifactKey: Guid(5e634f52ddac7b84d9f4fce49df82c2f) Importer(815301076,1909f56bfc062723c751e8b465ee728b)
Number of updated assets reloaded before import = 0
Start importing Assets/PlayMaker/Editor/Resources/linkSamples@2x.png using Guid(5e634f52ddac7b84d9f4fce49df82c2f) Importer(815301076,1909f56bfc062723c751e8b465ee728b)  -> (artifact id: 'd51993583445d93d63e9f65b00b8d24f') in 0.016487 seconds 
Number of asset objects unloaded after import = 2
========================================================================
Received Import Request.
  Time since last request: 2.982184 seconds.
  path: Assets/PlayMaker/Editor/Watermarks/Player.png
  artifactKey: Guid(d6fff8f37b41c2c4f9ad1d4682bd0744) Importer(815301076,1909f56bfc062723c751e8b465ee728b)
Number of updated assets reloaded before import = 0
Start importing Assets/PlayMaker/Editor/Watermarks/Player.png using Guid(d6fff8f37b41c2c4f9ad1d4682bd0744) Importer(815301076,1909f56bfc062723c751e8b465ee728b)  -> (artifact id: '66d640344dfad1d0597838eff0b4ce5d') in 0.020044 seconds 
Number of asset objects unloaded after import = 2
========================================================================
Received Import Request.
  Time since last request: 0.000012 seconds.
  path: Assets/Gizmos/PlayMakerGUI Icon.png
  artifactKey: Guid(2c7db6fc3f6ab6b429b6a3924d3820eb) Importer(815301076,1909f56bfc062723c751e8b465ee728b)
Number of updated assets reloaded before import = 0
Start importing Assets/Gizmos/PlayMakerGUI Icon.png using Guid(2c7db6fc3f6ab6b429b6a3924d3820eb) Importer(815301076,1909f56bfc062723c751e8b465ee728b)  -> (artifact id: '614d5f6ea4eae9c064de1495614b0d01') in 0.016497 seconds 
Number of asset objects unloaded after import = 2
========================================================================
Received Import Request.
  Time since last request: 0.000015 seconds.
  path: Assets/Gizmos/PlayMakerPrefs Icon.png
  artifactKey: Guid(70b5f8288a5c3a64b9b1bc002bcf0c28) Importer(815301076,1909f56bfc062723c751e8b465ee728b)
Number of updated assets reloaded before import = 0
Start importing Assets/Gizmos/PlayMakerPrefs Icon.png using Guid(70b5f8288a5c3a64b9b1bc002bcf0c28) Importer(815301076,1909f56bfc062723c751e8b465ee728b)  -> (artifact id: '12b74d3b4fdf847d2f9f2142c9030f82') in 0.017406 seconds 
Number of asset objects unloaded after import = 2
========================================================================
Received Import Request.
  Time since last request: 0.000014 seconds.
  path: Assets/Gizmos/PlayMakerGlobals Icon.png
  artifactKey: Guid(60204a42898e09e44afa4f4ca5ed1da1) Importer(815301076,1909f56bfc062723c751e8b465ee728b)
Number of updated assets reloaded before import = 0
Start importing Assets/Gizmos/PlayMakerGlobals Icon.png using Guid(60204a42898e09e44afa4f4ca5ed1da1) Importer(815301076,1909f56bfc062723c751e8b465ee728b)  -> (artifact id: '0863a27be1c45f0da96acbf53ddf1aa3') in 0.010552 seconds 
Number of asset objects unloaded after import = 2
========================================================================
Received Import Request.
  Time since last request: 0.000013 seconds.
  path: Assets/Gizmos/PlayMakerPrefs Icon.tiff
  artifactKey: Guid(4681a9805673831459ed595c2dc402d6) Importer(815301076,1909f56bfc062723c751e8b465ee728b)
Number of updated assets reloaded before import = 0
Start importing Assets/Gizmos/PlayMakerPrefs Icon.tiff using Guid(4681a9805673831459ed595c2dc402d6) Importer(815301076,1909f56bfc062723c751e8b465ee728b)  -> (artifact id: '341496c143323f4bdde390428827c831') in 0.014126 seconds 
Number of asset objects unloaded after import = 2
========================================================================
Received Import Request.
  Time since last request: 0.000014 seconds.
  path: Assets/PlayMaker/Editor/Resources/playMakerHeader@2x.png
  artifactKey: Guid(a22a25ba50fcd9d409c46aa20650e971) Importer(815301076,1909f56bfc062723c751e8b465ee728b)
Number of updated assets reloaded before import = 0
Start importing Assets/PlayMaker/Editor/Resources/playMakerHeader@2x.png using Guid(a22a25ba50fcd9d409c46aa20650e971) Importer(815301076,1909f56bfc062723c751e8b465ee728b)  -> (artifact id: 'b32c39652a62b5269aefa68463ff7503') in 0.020868 seconds 
Number of asset objects unloaded after import = 2
Editor requested this worker to shutdown with reason: Scaling down because of idle timeout
AssetImportWorker is now disconnected from the server
Process exiting
Exiting without the bug reporter. Application will terminate with return code 0